Archive member included because of file (symbol)

/Users/edwinfinch/pebble-dev/PebbleSDK-2.6.1/Pebble/lib/libpebble.a(tmpDC1Ifbpebble.o)
                              src/main.c.26.o (accel_tap_service_subscribe)
/Users/edwinfinch/pebble-dev/PebbleSDK-2.6.1/arm-cs-tools/bin/../lib/gcc/arm-none-eabi/4.7.2/thumb2/libgcc.a(_arm_addsubdf3.o)
                              src/main.c.26.o (__aeabi_dadd)
/Users/edwinfinch/pebble-dev/PebbleSDK-2.6.1/arm-cs-tools/bin/../lib/gcc/arm-none-eabi/4.7.2/thumb2/libgcc.a(_arm_muldivdf3.o)
                              src/main.c.26.o (__aeabi_dmul)
/Users/edwinfinch/pebble-dev/PebbleSDK-2.6.1/arm-cs-tools/bin/../lib/gcc/arm-none-eabi/4.7.2/thumb2/libgcc.a(_arm_fixdfsi.o)
                              src/main.c.26.o (__aeabi_d2iz)

Allocating common symbols
Common symbol       size              file

note_2              0x8c              src/main.c.26.o
note_1              0x8c              src/main.c.26.o
settings            0x30              src/main.c.26.o
date_layer          0x4               src/main.c.26.o
card_time_root      0x4               src/main.c.26.o
battery_icon        0x4               src/main.c.26.o
background_layer    0x4               src/main.c.26.o
return_timer        0x4               src/main.c.26.o
notif_layer         0x4               src/notification.c.26.o
bt_icon             0x4               src/main.c.26.o
card_note1          0x4               src/main.c.26.o
time_content_root   0x4               src/main.c.26.o
buildup_layer       0x4               src/main.c.26.o
card_bt             0x4               src/main.c.26.o
card_note2          0x4               src/main.c.26.o
theme               0x4               src/main.c.26.o
note_icon           0x4               src/main.c.26.o
time_layer          0x4               src/main.c.26.o
icon_timer          0x4               src/main.c.26.o
card_weather        0x4               src/main.c.26.o
card_time_layer     0x4               src/main.c.26.o
chat_bubble_layer   0x4               src/main.c.26.o
temp_temp_icon      0x4               src/main.c.26.o
icon_layer_bm       0x4               src/main.c.26.o
clock_icon          0x4               src/main.c.26.o
refresh_timer       0x4               src/main.c.26.o
card_battery        0x4               src/main.c.26.o
battery_bar_layer   0x4               src/main.c.26.o
icon_layer_fix      0x4               src/main.c.26.o
temp_icon           0x4               src/main.c.26.o
its_layer           0x4               src/main.c.26.o
window              0x4               src/main.c.26.o
circles_layer       0x4               src/main.c.26.o
saved_animation     0x4               src/main.c.26.o
background_bitmap   0x4               src/main.c.26.o

Discarded input sections

 .text          0x0000000000000000        0x0 /Users/edwinfinch/pebble-dev/PebbleSDK-2.6.1/arm-cs-tools/bin/../lib/gcc/arm-none-eabi/4.7.2/thumb2/crti.o
 .bss           0x0000000000000000        0x0 /Users/edwinfinch/pebble-dev/PebbleSDK-2.6.1/arm-cs-tools/bin/../lib/gcc/arm-none-eabi/4.7.2/thumb2/crti.o
 .init          0x0000000000000000        0x4 /Users/edwinfinch/pebble-dev/PebbleSDK-2.6.1/arm-cs-tools/bin/../lib/gcc/arm-none-eabi/4.7.2/thumb2/crti.o
 .fini          0x0000000000000000        0x4 /Users/edwinfinch/pebble-dev/PebbleSDK-2.6.1/arm-cs-tools/bin/../lib/gcc/arm-none-eabi/4.7.2/thumb2/crti.o
 .text          0x0000000000000000       0xc8 /Users/edwinfinch/pebble-dev/PebbleSDK-2.6.1/arm-cs-tools/bin/../lib/gcc/arm-none-eabi/4.7.2/thumb2/crtbegin.o
 .bss           0x0000000000000000       0x1c /Users/edwinfinch/pebble-dev/PebbleSDK-2.6.1/arm-cs-tools/bin/../lib/gcc/arm-none-eabi/4.7.2/thumb2/crtbegin.o
 .init_array    0x0000000000000000        0x4 /Users/edwinfinch/pebble-dev/PebbleSDK-2.6.1/arm-cs-tools/bin/../lib/gcc/arm-none-eabi/4.7.2/thumb2/crtbegin.o
 .fini_array    0x0000000000000000        0x4 /Users/edwinfinch/pebble-dev/PebbleSDK-2.6.1/arm-cs-tools/bin/../lib/gcc/arm-none-eabi/4.7.2/thumb2/crtbegin.o
 .eh_frame      0x0000000000000000        0x0 /Users/edwinfinch/pebble-dev/PebbleSDK-2.6.1/arm-cs-tools/bin/../lib/gcc/arm-none-eabi/4.7.2/thumb2/crtbegin.o
 .jcr           0x0000000000000000        0x0 /Users/edwinfinch/pebble-dev/PebbleSDK-2.6.1/arm-cs-tools/bin/../lib/gcc/arm-none-eabi/4.7.2/thumb2/crtbegin.o
 .tm_clone_table
                0x0000000000000000        0x0 /Users/edwinfinch/pebble-dev/PebbleSDK-2.6.1/arm-cs-tools/bin/../lib/gcc/arm-none-eabi/4.7.2/thumb2/crtbegin.o
 .text          0x0000000000000000        0x0 src/content_layer.c.26.o
 .bss           0x0000000000000000        0x0 src/content_layer.c.26.o
 .text.set_stack_placement_by_id
                0x0000000000000000       0x2c src/content_layer.c.26.o
 .text          0x0000000000000000        0x0 src/extras.c.26.o
 .bss           0x0000000000000000        0x0 src/extras.c.26.o
 .text          0x0000000000000000        0x0 src/main.c.26.o
 .bss           0x0000000000000000        0x0 src/main.c.26.o
 .text.icon_layer_hide
                0x0000000000000000       0x50 src/main.c.26.o
 .text.icon_layer_show
                0x0000000000000000       0x50 src/main.c.26.o
 .text          0x0000000000000000        0x0 src/notification.c.26.o
 .bss           0x0000000000000000        0x0 src/notification.c.26.o
 .text          0x0000000000000000        0x0 appinfo.auto.c.26.o
 .bss           0x0000000000000000        0x0 appinfo.auto.c.26.o
 .bss           0x0000000000000000        0x0 /Users/edwinfinch/pebble-dev/PebbleSDK-2.6.1/Pebble/lib/libpebble.a(tmpDC1Ifbpebble.o)
 .text.accel_data_service_subscribe__deprecated
                0x0000000000000000        0xc /Users/edwinfinch/pebble-dev/PebbleSDK-2.6.1/Pebble/lib/libpebble.a(tmpDC1Ifbpebble.o)
 .text.accel_data_service_unsubscribe
                0x0000000000000000        0xc /Users/edwinfinch/pebble-dev/PebbleSDK-2.6.1/Pebble/lib/libpebble.a(tmpDC1Ifbpebble.o)
 .text.accel_service_peek
                0x0000000000000000        0xc /Users/edwinfinch/pebble-dev/PebbleSDK-2.6.1/Pebble/lib/libpebble.a(tmpDC1Ifbpebble.o)
 .text.accel_service_set_samples_per_update
                0x0000000000000000        0xc /Users/edwinfinch/pebble-dev/PebbleSDK-2.6.1/Pebble/lib/libpebble.a(tmpDC1Ifbpebble.o)
 .text.accel_service_set_sampling_rate
                0x0000000000000000        0xc /Users/edwinfinch/pebble-dev/PebbleSDK-2.6.1/Pebble/lib/libpebble.a(tmpDC1Ifbpebble.o)
 .text.accel_tap_service_unsubscribe
                0x0000000000000000        0xc /Users/edwinfinch/pebble-dev/PebbleSDK-2.6.1/Pebble/lib/libpebble.a(tmpDC1Ifbpebble.o)
 .text.action_bar_layer_add_to_window
                0x0000000000000000        0xc /Users/edwinfinch/pebble-dev/PebbleSDK-2.6.1/Pebble/lib/libpebble.a(tmpDC1Ifbpebble.o)
 .text.action_bar_layer_clear_icon
                0x0000000000000000        0xc /Users/edwinfinch/pebble-dev/PebbleSDK-2.6.1/Pebble/lib/libpebble.a(tmpDC1Ifbpebble.o)
 .text.action_bar_layer_create
                0x0000000000000000        0xc /Users/edwinfinch/pebble-dev/PebbleSDK-2.6.1/Pebble/lib/libpebble.a(tmpDC1Ifbpebble.o)
 .text.action_bar_layer_destroy
                0x0000000000000000        0xc /Users/edwinfinch/pebble-dev/PebbleSDK-2.6.1/Pebble/lib/libpebble.a(tmpDC1Ifbpebble.o)
 .text.action_bar_layer_get_layer
                0x0000000000000000        0xc /Users/edwinfinch/pebble-dev/PebbleSDK-2.6.1/Pebble/lib/libpebble.a(tmpDC1Ifbpebble.o)
 .text.action_bar_layer_remove_from_window
                0x0000000000000000        0xc /Users/edwinfinch/pebble-dev/PebbleSDK-2.6.1/Pebble/lib/libpebble.a(tmpDC1Ifbpebble.o)
 .text.action_bar_layer_set_background_color
                0x0000000000000000        0xc /Users/edwinfinch/pebble-dev/PebbleSDK-2.6.1/Pebble/lib/libpebble.a(tmpDC1Ifbpebble.o)
 .text.action_bar_layer_set_click_config_provider
                0x0000000000000000        0xc /Users/edwinfinch/pebble-dev/PebbleSDK-2.6.1/Pebble/lib/libpebble.a(tmpDC1Ifbpebble.o)
 .text.action_bar_layer_set_context
                0x0000000000000000        0xc /Users/edwinfinch/pebble-dev/PebbleSDK-2.6.1/Pebble/lib/libpebble.a(tmpDC1Ifbpebble.o)
 .text.action_bar_layer_set_icon
                0x0000000000000000        0xc /Users/edwinfinch/pebble-dev/PebbleSDK-2.6.1/Pebble/lib/libpebble.a(tmpDC1Ifbpebble.o)
 .text.animation_create
                0x0000000000000000        0xc /Users/edwinfinch/pebble-dev/PebbleSDK-2.6.1/Pebble/lib/libpebble.a(tmpDC1Ifbpebble.o)
 .text.animation_destroy
                0x0000000000000000        0xc /Users/edwinfinch/pebble-dev/PebbleSDK-2.6.1/Pebble/lib/libpebble.a(tmpDC1Ifbpebble.o)
 .text.animation_get_context
                0x0000000000000000        0xc /Users/edwinfinch/pebble-dev/PebbleSDK-2.6.1/Pebble/lib/libpebble.a(tmpDC1Ifbpebble.o)
 .text.animation_is_scheduled
                0x0000000000000000        0xc /Users/edwinfinch/pebble-dev/PebbleSDK-2.6.1/Pebble/lib/libpebble.a(tmpDC1Ifbpebble.o)
 .text.animation_set_curve
                0x0000000000000000        0xc /Users/edwinfinch/pebble-dev/PebbleSDK-2.6.1/Pebble/lib/libpebble.a(tmpDC1Ifbpebble.o)
 .text.animation_set_implementation
                0x0000000000000000        0xc /Users/edwinfinch/pebble-dev/PebbleSDK-2.6.1/Pebble/lib/libpebble.a(tmpDC1Ifbpebble.o)
 .text.animation_unschedule
                0x0000000000000000        0xc /Users/edwinfinch/pebble-dev/PebbleSDK-2.6.1/Pebble/lib/libpebble.a(tmpDC1Ifbpebble.o)
 .text.app_comm_get_sniff_interval
                0x0000000000000000        0xc /Users/edwinfinch/pebble-dev/PebbleSDK-2.6.1/Pebble/lib/libpebble.a(tmpDC1Ifbpebble.o)
 .text.app_comm_set_sniff_interval
                0x0000000000000000        0xc /Users/edwinfinch/pebble-dev/PebbleSDK-2.6.1/Pebble/lib/libpebble.a(tmpDC1Ifbpebble.o)
 .text.app_message_deregister_callbacks
                0x0000000000000000        0xc /Users/edwinfinch/pebble-dev/PebbleSDK-2.6.1/Pebble/lib/libpebble.a(tmpDC1Ifbpebble.o)
 .text.app_sync_deinit
                0x0000000000000000        0xc /Users/edwinfinch/pebble-dev/PebbleSDK-2.6.1/Pebble/lib/libpebble.a(tmpDC1Ifbpebble.o)
 .text.app_sync_get
                0x0000000000000000        0xc /Users/edwinfinch/pebble-dev/PebbleSDK-2.6.1/Pebble/lib/libpebble.a(tmpDC1Ifbpebble.o)
 .text.app_sync_init
                0x0000000000000000        0xc /Users/edwinfinch/pebble-dev/PebbleSDK-2.6.1/Pebble/lib/libpebble.a(tmpDC1Ifbpebble.o)
 .text.app_sync_set
                0x0000000000000000        0xc /Users/edwinfinch/pebble-dev/PebbleSDK-2.6.1/Pebble/lib/libpebble.a(tmpDC1Ifbpebble.o)
 .text.atan2_lookup
                0x0000000000000000        0xc /Users/edwinfinch/pebble-dev/PebbleSDK-2.6.1/Pebble/lib/libpebble.a(tmpDC1Ifbpebble.o)
 .text.atoi     0x0000000000000000        0xc /Users/edwinfinch/pebble-dev/PebbleSDK-2.6.1/Pebble/lib/libpebble.a(tmpDC1Ifbpebble.o)
 .text.atol     0x0000000000000000        0xc /Users/edwinfinch/pebble-dev/PebbleSDK-2.6.1/Pebble/lib/libpebble.a(tmpDC1Ifbpebble.o)
 .text.battery_state_service_unsubscribe
                0x0000000000000000        0xc /Users/edwinfinch/pebble-dev/PebbleSDK-2.6.1/Pebble/lib/libpebble.a(tmpDC1Ifbpebble.o)
 .text.bitmap_layer_set_alignment
                0x0000000000000000        0xc /Users/edwinfinch/pebble-dev/PebbleSDK-2.6.1/Pebble/lib/libpebble.a(tmpDC1Ifbpebble.o)
 .text.bitmap_layer_set_background_color
                0x0000000000000000        0xc /Users/edwinfinch/pebble-dev/PebbleSDK-2.6.1/Pebble/lib/libpebble.a(tmpDC1Ifbpebble.o)
 .text.bitmap_layer_set_compositing_mode
                0x0000000000000000        0xc /Users/edwinfinch/pebble-dev/PebbleSDK-2.6.1/Pebble/lib/libpebble.a(tmpDC1Ifbpebble.o)
 .text.bluetooth_connection_service_unsubscribe
                0x0000000000000000        0xc /Users/edwinfinch/pebble-dev/PebbleSDK-2.6.1/Pebble/lib/libpebble.a(tmpDC1Ifbpebble.o)
 .text.click_number_of_clicks_counted
                0x0000000000000000        0xc /Users/edwinfinch/pebble-dev/PebbleSDK-2.6.1/Pebble/lib/libpebble.a(tmpDC1Ifbpebble.o)
 .text.click_recognizer_get_button_id
                0x0000000000000000        0xc /Users/edwinfinch/pebble-dev/PebbleSDK-2.6.1/Pebble/lib/libpebble.a(tmpDC1Ifbpebble.o)
 .text.clock_copy_time_string
                0x0000000000000000        0xc /Users/edwinfinch/pebble-dev/PebbleSDK-2.6.1/Pebble/lib/libpebble.a(tmpDC1Ifbpebble.o)
 .text.cos_lookup
                0x0000000000000000        0xc /Users/edwinfinch/pebble-dev/PebbleSDK-2.6.1/Pebble/lib/libpebble.a(tmpDC1Ifbpebble.o)
 .text.data_logging_create
                0x0000000000000000        0xc /Users/edwinfinch/pebble-dev/PebbleSDK-2.6.1/Pebble/lib/libpebble.a(tmpDC1Ifbpebble.o)
 .text.data_logging_finish
                0x0000000000000000        0xc /Users/edwinfinch/pebble-dev/PebbleSDK-2.6.1/Pebble/lib/libpebble.a(tmpDC1Ifbpebble.o)
 .text.data_logging_log
                0x0000000000000000        0xc /Users/edwinfinch/pebble-dev/PebbleSDK-2.6.1/Pebble/lib/libpebble.a(tmpDC1Ifbpebble.o)
 .text.dict_calc_buffer_size
                0x0000000000000000        0xc /Users/edwinfinch/pebble-dev/PebbleSDK-2.6.1/Pebble/lib/libpebble.a(tmpDC1Ifbpebble.o)
 .text.dict_calc_buffer_size_from_tuplets
                0x0000000000000000        0xc /Users/edwinfinch/pebble-dev/PebbleSDK-2.6.1/Pebble/lib/libpebble.a(tmpDC1Ifbpebble.o)
 .text.dict_find
                0x0000000000000000        0xc /Users/edwinfinch/pebble-dev/PebbleSDK-2.6.1/Pebble/lib/libpebble.a(tmpDC1Ifbpebble.o)
 .text.dict_merge
                0x0000000000000000        0xc /Users/edwinfinch/pebble-dev/PebbleSDK-2.6.1/Pebble/lib/libpebble.a(tmpDC1Ifbpebble.o)
 .text.dict_read_begin_from_buffer
                0x0000000000000000        0xc /Users/edwinfinch/pebble-dev/PebbleSDK-2.6.1/Pebble/lib/libpebble.a(tmpDC1Ifbpebble.o)
 .text.dict_serialize_tuplets
                0x0000000000000000        0xc /Users/edwinfinch/pebble-dev/PebbleSDK-2.6.1/Pebble/lib/libpebble.a(tmpDC1Ifbpebble.o)
 .text.dict_serialize_tuplets_to_buffer__deprecated
                0x0000000000000000        0xc /Users/edwinfinch/pebble-dev/PebbleSDK-2.6.1/Pebble/lib/libpebble.a(tmpDC1Ifbpebble.o)
 .text.dict_serialize_tuplets_to_buffer_with_iter
                0x0000000000000000        0xc /Users/edwinfinch/pebble-dev/PebbleSDK-2.6.1/Pebble/lib/libpebble.a(tmpDC1Ifbpebble.o)
 .text.dict_write_begin
                0x0000000000000000        0xc /Users/edwinfinch/pebble-dev/PebbleSDK-2.6.1/Pebble/lib/libpebble.a(tmpDC1Ifbpebble.o)
 .text.dict_write_cstring
                0x0000000000000000        0xc /Users/edwinfinch/pebble-dev/PebbleSDK-2.6.1/Pebble/lib/libpebble.a(tmpDC1Ifbpebble.o)
 .text.dict_write_data
                0x0000000000000000        0xc /Users/edwinfinch/pebble-dev/PebbleSDK-2.6.1/Pebble/lib/libpebble.a(tmpDC1Ifbpebble.o)
 .text.dict_write_end
                0x0000000000000000        0xc /Users/edwinfinch/pebble-dev/PebbleSDK-2.6.1/Pebble/lib/libpebble.a(tmpDC1Ifbpebble.o)
 .text.dict_write_int
                0x0000000000000000        0xc /Users/edwinfinch/pebble-dev/PebbleSDK-2.6.1/Pebble/lib/libpebble.a(tmpDC1Ifbpebble.o)
 .text.dict_write_int16
                0x0000000000000000        0xc /Users/edwinfinch/pebble-dev/PebbleSDK-2.6.1/Pebble/lib/libpebble.a(tmpDC1Ifbpebble.o)
 .text.dict_write_int32
                0x0000000000000000        0xc /Users/edwinfinch/pebble-dev/PebbleSDK-2.6.1/Pebble/lib/libpebble.a(tmpDC1Ifbpebble.o)
 .text.dict_write_int8
                0x0000000000000000        0xc /Users/edwinfinch/pebble-dev/PebbleSDK-2.6.1/Pebble/lib/libpebble.a(tmpDC1Ifbpebble.o)
 .text.dict_write_tuplet
                0x0000000000000000        0xc /Users/edwinfinch/pebble-dev/PebbleSDK-2.6.1/Pebble/lib/libpebble.a(tmpDC1Ifbpebble.o)
 .text.dict_write_uint16
                0x0000000000000000        0xc /Users/edwinfinch/pebble-dev/PebbleSDK-2.6.1/Pebble/lib/libpebble.a(tmpDC1Ifbpebble.o)
 .text.dict_write_uint32
                0x0000000000000000        0xc /Users/edwinfinch/pebble-dev/PebbleSDK-2.6.1/Pebble/lib/libpebble.a(tmpDC1Ifbpebble.o)
 .text.dict_write_uint8
                0x0000000000000000        0xc /Users/edwinfinch/pebble-dev/PebbleSDK-2.6.1/Pebble/lib/libpebble.a(tmpDC1Ifbpebble.o)
 .text.fonts_unload_custom_font
                0x0000000000000000        0xc /Users/edwinfinch/pebble-dev/PebbleSDK-2.6.1/Pebble/lib/libpebble.a(tmpDC1Ifbpebble.o)
 .text.gbitmap_create_as_sub_bitmap
                0x0000000000000000        0xc /Users/edwinfinch/pebble-dev/PebbleSDK-2.6.1/Pebble/lib/libpebble.a(tmpDC1Ifbpebble.o)
 .text.gbitmap_create_with_data
                0x0000000000000000        0xc /Users/edwinfinch/pebble-dev/PebbleSDK-2.6.1/Pebble/lib/libpebble.a(tmpDC1Ifbpebble.o)
 .text.gmtime   0x0000000000000000        0xc /Users/edwinfinch/pebble-dev/PebbleSDK-2.6.1/Pebble/lib/libpebble.a(tmpDC1Ifbpebble.o)
 .text.gpath_create
                0x0000000000000000        0xc /Users/edwinfinch/pebble-dev/PebbleSDK-2.6.1/Pebble/lib/libpebble.a(tmpDC1Ifbpebble.o)
 .text.gpath_destroy
                0x0000000000000000        0xc /Users/edwinfinch/pebble-dev/PebbleSDK-2.6.1/Pebble/lib/libpebble.a(tmpDC1Ifbpebble.o)
 .text.gpath_draw_filled_legacy
                0x0000000000000000        0xc /Users/edwinfinch/pebble-dev/PebbleSDK-2.6.1/Pebble/lib/libpebble.a(tmpDC1Ifbpebble.o)
 .text.gpath_draw_outline
                0x0000000000000000        0xc /Users/edwinfinch/pebble-dev/PebbleSDK-2.6.1/Pebble/lib/libpebble.a(tmpDC1Ifbpebble.o)
 .text.gpath_move_to
                0x0000000000000000        0xc /Users/edwinfinch/pebble-dev/PebbleSDK-2.6.1/Pebble/lib/libpebble.a(tmpDC1Ifbpebble.o)
 .text.gpath_rotate_to
                0x0000000000000000        0xc /Users/edwinfinch/pebble-dev/PebbleSDK-2.6.1/Pebble/lib/libpebble.a(tmpDC1Ifbpebble.o)
 .text.gpoint_equal
                0x0000000000000000        0xc /Users/edwinfinch/pebble-dev/PebbleSDK-2.6.1/Pebble/lib/libpebble.a(tmpDC1Ifbpebble.o)
 .text.graphics_context_set_compositing_mode
                0x0000000000000000        0xc /Users/edwinfinch/pebble-dev/PebbleSDK-2.6.1/Pebble/lib/libpebble.a(tmpDC1Ifbpebble.o)
 .text.graphics_context_set_text_color
                0x0000000000000000        0xc /Users/edwinfinch/pebble-dev/PebbleSDK-2.6.1/Pebble/lib/libpebble.a(tmpDC1Ifbpebble.o)
 .text.graphics_draw_bitmap_in_rect
                0x0000000000000000        0xc /Users/edwinfinch/pebble-dev/PebbleSDK-2.6.1/Pebble/lib/libpebble.a(tmpDC1Ifbpebble.o)
 .text.graphics_draw_line
                0x0000000000000000        0xc /Users/edwinfinch/pebble-dev/PebbleSDK-2.6.1/Pebble/lib/libpebble.a(tmpDC1Ifbpebble.o)
 .text.graphics_draw_pixel
                0x0000000000000000        0xc /Users/edwinfinch/pebble-dev/PebbleSDK-2.6.1/Pebble/lib/libpebble.a(tmpDC1Ifbpebble.o)
 .text.graphics_draw_rect
                0x0000000000000000        0xc /Users/edwinfinch/pebble-dev/PebbleSDK-2.6.1/Pebble/lib/libpebble.a(tmpDC1Ifbpebble.o)
 .text.graphics_draw_round_rect
                0x0000000000000000        0xc /Users/edwinfinch/pebble-dev/PebbleSDK-2.6.1/Pebble/lib/libpebble.a(tmpDC1Ifbpebble.o)
 .text.graphics_text_layout_get_max_used_size
                0x0000000000000000        0xc /Users/edwinfinch/pebble-dev/PebbleSDK-2.6.1/Pebble/lib/libpebble.a(tmpDC1Ifbpebble.o)
 .text.grect_align
                0x0000000000000000        0xc /Users/edwinfinch/pebble-dev/PebbleSDK-2.6.1/Pebble/lib/libpebble.a(tmpDC1Ifbpebble.o)
 .text.grect_center_point
                0x0000000000000000        0xc /Users/edwinfinch/pebble-dev/PebbleSDK-2.6.1/Pebble/lib/libpebble.a(tmpDC1Ifbpebble.o)
 .text.grect_clip
                0x0000000000000000        0xc /Users/edwinfinch/pebble-dev/PebbleSDK-2.6.1/Pebble/lib/libpebble.a(tmpDC1Ifbpebble.o)
 .text.grect_contains_point
                0x0000000000000000        0xc /Users/edwinfinch/pebble-dev/PebbleSDK-2.6.1/Pebble/lib/libpebble.a(tmpDC1Ifbpebble.o)
 .text.grect_crop
                0x0000000000000000        0xc /Users/edwinfinch/pebble-dev/PebbleSDK-2.6.1/Pebble/lib/libpebble.a(tmpDC1Ifbpebble.o)
 .text.grect_equal
                0x0000000000000000        0xc /Users/edwinfinch/pebble-dev/PebbleSDK-2.6.1/Pebble/lib/libpebble.a(tmpDC1Ifbpebble.o)
 .text.grect_is_empty
                0x0000000000000000        0xc /Users/edwinfinch/pebble-dev/PebbleSDK-2.6.1/Pebble/lib/libpebble.a(tmpDC1Ifbpebble.o)
 .text.grect_standardize
                0x0000000000000000        0xc /Users/edwinfinch/pebble-dev/PebbleSDK-2.6.1/Pebble/lib/libpebble.a(tmpDC1Ifbpebble.o)
 .text.gsize_equal
                0x0000000000000000        0xc /Users/edwinfinch/pebble-dev/PebbleSDK-2.6.1/Pebble/lib/libpebble.a(tmpDC1Ifbpebble.o)
 .text.layer_create_with_data
                0x0000000000000000        0xc /Users/edwinfinch/pebble-dev/PebbleSDK-2.6.1/Pebble/lib/libpebble.a(tmpDC1Ifbpebble.o)
 .text.layer_get_bounds
                0x0000000000000000        0xc /Users/edwinfinch/pebble-dev/PebbleSDK-2.6.1/Pebble/lib/libpebble.a(tmpDC1Ifbpebble.o)
 .text.layer_get_clips
                0x0000000000000000        0xc /Users/edwinfinch/pebble-dev/PebbleSDK-2.6.1/Pebble/lib/libpebble.a(tmpDC1Ifbpebble.o)
 .text.layer_get_data
                0x0000000000000000        0xc /Users/edwinfinch/pebble-dev/PebbleSDK-2.6.1/Pebble/lib/libpebble.a(tmpDC1Ifbpebble.o)
 .text.layer_get_hidden
                0x0000000000000000        0xc /Users/edwinfinch/pebble-dev/PebbleSDK-2.6.1/Pebble/lib/libpebble.a(tmpDC1Ifbpebble.o)
 .text.layer_get_window
                0x0000000000000000        0xc /Users/edwinfinch/pebble-dev/PebbleSDK-2.6.1/Pebble/lib/libpebble.a(tmpDC1Ifbpebble.o)
 .text.layer_insert_above_sibling
                0x0000000000000000        0xc /Users/edwinfinch/pebble-dev/PebbleSDK-2.6.1/Pebble/lib/libpebble.a(tmpDC1Ifbpebble.o)
 .text.layer_insert_below_sibling
                0x0000000000000000        0xc /Users/edwinfinch/pebble-dev/PebbleSDK-2.6.1/Pebble/lib/libpebble.a(tmpDC1Ifbpebble.o)
 .text.layer_remove_child_layers
                0x0000000000000000        0xc /Users/edwinfinch/pebble-dev/PebbleSDK-2.6.1/Pebble/lib/libpebble.a(tmpDC1Ifbpebble.o)
 .text.layer_remove_from_parent
                0x0000000000000000        0xc /Users/edwinfinch/pebble-dev/PebbleSDK-2.6.1/Pebble/lib/libpebble.a(tmpDC1Ifbpebble.o)
 .text.layer_set_bounds
                0x0000000000000000        0xc /Users/edwinfinch/pebble-dev/PebbleSDK-2.6.1/Pebble/lib/libpebble.a(tmpDC1Ifbpebble.o)
 .text.layer_set_clips
                0x0000000000000000        0xc /Users/edwinfinch/pebble-dev/PebbleSDK-2.6.1/Pebble/lib/libpebble.a(tmpDC1Ifbpebble.o)
 .text.layer_set_frame
                0x0000000000000000        0xc /Users/edwinfinch/pebble-dev/PebbleSDK-2.6.1/Pebble/lib/libpebble.a(tmpDC1Ifbpebble.o)
 .text.light_enable
                0x0000000000000000        0xc /Users/edwinfinch/pebble-dev/PebbleSDK-2.6.1/Pebble/lib/libpebble.a(tmpDC1Ifbpebble.o)
 .text.light_enable_interaction
                0x0000000000000000        0xc /Users/edwinfinch/pebble-dev/PebbleSDK-2.6.1/Pebble/lib/libpebble.a(tmpDC1Ifbpebble.o)
 .text.memcpy   0x0000000000000000        0xc /Users/edwinfinch/pebble-dev/PebbleSDK-2.6.1/Pebble/lib/libpebble.a(tmpDC1Ifbpebble.o)
 .text.memmove  0x0000000000000000        0xc /Users/edwinfinch/pebble-dev/PebbleSDK-2.6.1/Pebble/lib/libpebble.a(tmpDC1Ifbpebble.o)
 .text.menu_cell_basic_draw
                0x0000000000000000        0xc /Users/edwinfinch/pebble-dev/PebbleSDK-2.6.1/Pebble/lib/libpebble.a(tmpDC1Ifbpebble.o)
 .text.menu_cell_basic_header_draw
                0x0000000000000000        0xc /Users/edwinfinch/pebble-dev/PebbleSDK-2.6.1/Pebble/lib/libpebble.a(tmpDC1Ifbpebble.o)
 .text.menu_cell_title_draw
                0x0000000000000000        0xc /Users/edwinfinch/pebble-dev/PebbleSDK-2.6.1/Pebble/lib/libpebble.a(tmpDC1Ifbpebble.o)
 .text.menu_index_compare
                0x0000000000000000        0xc /Users/edwinfinch/pebble-dev/PebbleSDK-2.6.1/Pebble/lib/libpebble.a(tmpDC1Ifbpebble.o)
 .text.menu_layer_create
                0x0000000000000000        0xc /Users/edwinfinch/pebble-dev/PebbleSDK-2.6.1/Pebble/lib/libpebble.a(tmpDC1Ifbpebble.o)
 .text.menu_layer_destroy
                0x0000000000000000        0xc /Users/edwinfinch/pebble-dev/PebbleSDK-2.6.1/Pebble/lib/libpebble.a(tmpDC1Ifbpebble.o)
 .text.menu_layer_get_layer
                0x0000000000000000        0xc /Users/edwinfinch/pebble-dev/PebbleSDK-2.6.1/Pebble/lib/libpebble.a(tmpDC1Ifbpebble.o)
 .text.menu_layer_get_scroll_layer
                0x0000000000000000        0xc /Users/edwinfinch/pebble-dev/PebbleSDK-2.6.1/Pebble/lib/libpebble.a(tmpDC1Ifbpebble.o)
 .text.menu_layer_get_selected_index
                0x0000000000000000        0xc /Users/edwinfinch/pebble-dev/PebbleSDK-2.6.1/Pebble/lib/libpebble.a(tmpDC1Ifbpebble.o)
 .text.menu_layer_reload_data
                0x0000000000000000        0xc /Users/edwinfinch/pebble-dev/PebbleSDK-2.6.1/Pebble/lib/libpebble.a(tmpDC1Ifbpebble.o)
 .text.menu_layer_set_callbacks__deprecated
                0x0000000000000000        0xc /Users/edwinfinch/pebble-dev/PebbleSDK-2.6.1/Pebble/lib/libpebble.a(tmpDC1Ifbpebble.o)
 .text.menu_layer_set_click_config_onto_window
                0x0000000000000000        0xc /Users/edwinfinch/pebble-dev/PebbleSDK-2.6.1/Pebble/lib/libpebble.a(tmpDC1Ifbpebble.o)
 .text.menu_layer_set_selected_index
                0x0000000000000000        0xc /Users/edwinfinch/pebble-dev/PebbleSDK-2.6.1/Pebble/lib/libpebble.a(tmpDC1Ifbpebble.o)
 .text.menu_layer_set_selected_next
                0x0000000000000000        0xc /Users/edwinfinch/pebble-dev/PebbleSDK-2.6.1/Pebble/lib/libpebble.a(tmpDC1Ifbpebble.o)
 .text.number_window_create
                0x0000000000000000        0xc /Users/edwinfinch/pebble-dev/PebbleSDK-2.6.1/Pebble/lib/libpebble.a(tmpDC1Ifbpebble.o)
 .text.number_window_destroy
                0x0000000000000000        0xc /Users/edwinfinch/pebble-dev/PebbleSDK-2.6.1/Pebble/lib/libpebble.a(tmpDC1Ifbpebble.o)
 .text.number_window_get_value
                0x0000000000000000        0xc /Users/edwinfinch/pebble-dev/PebbleSDK-2.6.1/Pebble/lib/libpebble.a(tmpDC1Ifbpebble.o)
 .text.number_window_set_label
                0x0000000000000000        0xc /Users/edwinfinch/pebble-dev/PebbleSDK-2.6.1/Pebble/lib/libpebble.a(tmpDC1Ifbpebble.o)
 .text.number_window_set_max
                0x0000000000000000        0xc /Users/edwinfinch/pebble-dev/PebbleSDK-2.6.1/Pebble/lib/libpebble.a(tmpDC1Ifbpebble.o)
 .text.number_window_set_min
                0x0000000000000000        0xc /Users/edwinfinch/pebble-dev/PebbleSDK-2.6.1/Pebble/lib/libpebble.a(tmpDC1Ifbpebble.o)
 .text.number_window_set_step_size
                0x0000000000000000        0xc /Users/edwinfinch/pebble-dev/PebbleSDK-2.6.1/Pebble/lib/libpebble.a(tmpDC1Ifbpebble.o)
 .text.number_window_set_value
                0x0000000000000000        0xc /Users/edwinfinch/pebble-dev/PebbleSDK-2.6.1/Pebble/lib/libpebble.a(tmpDC1Ifbpebble.o)
 .text.persist_delete
                0x0000000000000000        0xc /Users/edwinfinch/pebble-dev/PebbleSDK-2.6.1/Pebble/lib/libpebble.a(tmpDC1Ifbpebble.o)
 .text.persist_get_size
                0x0000000000000000        0xc /Users/edwinfinch/pebble-dev/PebbleSDK-2.6.1/Pebble/lib/libpebble.a(tmpDC1Ifbpebble.o)
 .text.persist_read_bool
                0x0000000000000000        0xc /Users/edwinfinch/pebble-dev/PebbleSDK-2.6.1/Pebble/lib/libpebble.a(tmpDC1Ifbpebble.o)
 .text.persist_read_data__deprecated
                0x0000000000000000        0xc /Users/edwinfinch/pebble-dev/PebbleSDK-2.6.1/Pebble/lib/libpebble.a(tmpDC1Ifbpebble.o)
 .text.persist_read_int
                0x0000000000000000        0xc /Users/edwinfinch/pebble-dev/PebbleSDK-2.6.1/Pebble/lib/libpebble.a(tmpDC1Ifbpebble.o)
 .text.persist_read_string__deprecated
                0x0000000000000000        0xc /Users/edwinfinch/pebble-dev/PebbleSDK-2.6.1/Pebble/lib/libpebble.a(tmpDC1Ifbpebble.o)
 .text.persist_write_bool
                0x0000000000000000        0xc /Users/edwinfinch/pebble-dev/PebbleSDK-2.6.1/Pebble/lib/libpebble.a(tmpDC1Ifbpebble.o)
 .text.persist_write_data__deprecated
                0x0000000000000000        0xc /Users/edwinfinch/pebble-dev/PebbleSDK-2.6.1/Pebble/lib/libpebble.a(tmpDC1Ifbpebble.o)
 .text.persist_write_int
                0x0000000000000000        0xc /Users/edwinfinch/pebble-dev/PebbleSDK-2.6.1/Pebble/lib/libpebble.a(tmpDC1Ifbpebble.o)
 .text.persist_write_string
                0x0000000000000000        0xc /Users/edwinfinch/pebble-dev/PebbleSDK-2.6.1/Pebble/lib/libpebble.a(tmpDC1Ifbpebble.o)
 .text.property_animation_create
                0x0000000000000000        0xc /Users/edwinfinch/pebble-dev/PebbleSDK-2.6.1/Pebble/lib/libpebble.a(tmpDC1Ifbpebble.o)
 .text.property_animation_update_gpoint
                0x0000000000000000        0xc /Users/edwinfinch/pebble-dev/PebbleSDK-2.6.1/Pebble/lib/libpebble.a(tmpDC1Ifbpebble.o)
 .text.property_animation_update_grect
                0x0000000000000000        0xc /Users/edwinfinch/pebble-dev/PebbleSDK-2.6.1/Pebble/lib/libpebble.a(tmpDC1Ifbpebble.o)
 .text.property_animation_update_int16
                0x0000000000000000        0xc /Users/edwinfinch/pebble-dev/PebbleSDK-2.6.1/Pebble/lib/libpebble.a(tmpDC1Ifbpebble.o)
 .text.psleep   0x0000000000000000        0xc /Users/edwinfinch/pebble-dev/PebbleSDK-2.6.1/Pebble/lib/libpebble.a(tmpDC1Ifbpebble.o)
 .text.resource_load
                0x0000000000000000        0xc /Users/edwinfinch/pebble-dev/PebbleSDK-2.6.1/Pebble/lib/libpebble.a(tmpDC1Ifbpebble.o)
 .text.resource_load_byte_range
                0x0000000000000000        0xc /Users/edwinfinch/pebble-dev/PebbleSDK-2.6.1/Pebble/lib/libpebble.a(tmpDC1Ifbpebble.o)
 .text.resource_size
                0x0000000000000000        0xc /Users/edwinfinch/pebble-dev/PebbleSDK-2.6.1/Pebble/lib/libpebble.a(tmpDC1Ifbpebble.o)
 .text.rot_bitmap_layer_create
                0x0000000000000000        0xc /Users/edwinfinch/pebble-dev/PebbleSDK-2.6.1/Pebble/lib/libpebble.a(tmpDC1Ifbpebble.o)
 .text.rot_bitmap_layer_destroy
                0x0000000000000000        0xc /Users/edwinfinch/pebble-dev/PebbleSDK-2.6.1/Pebble/lib/libpebble.a(tmpDC1Ifbpebble.o)
 .text.rot_bitmap_layer_increment_angle
                0x0000000000000000        0xc /Users/edwinfinch/pebble-dev/PebbleSDK-2.6.1/Pebble/lib/libpebble.a(tmpDC1Ifbpebble.o)
 .text.rot_bitmap_layer_set_angle
                0x0000000000000000        0xc /Users/edwinfinch/pebble-dev/PebbleSDK-2.6.1/Pebble/lib/libpebble.a(tmpDC1Ifbpebble.o)
 .text.rot_bitmap_layer_set_corner_clip_color
                0x0000000000000000        0xc /Users/edwinfinch/pebble-dev/PebbleSDK-2.6.1/Pebble/lib/libpebble.a(tmpDC1Ifbpebble.o)
 .text.rot_bitmap_set_compositing_mode
                0x0000000000000000        0xc /Users/edwinfinch/pebble-dev/PebbleSDK-2.6.1/Pebble/lib/libpebble.a(tmpDC1Ifbpebble.o)
 .text.rot_bitmap_set_src_ic
                0x0000000000000000        0xc /Users/edwinfinch/pebble-dev/PebbleSDK-2.6.1/Pebble/lib/libpebble.a(tmpDC1Ifbpebble.o)
 .text.scroll_layer_add_child
                0x0000000000000000        0xc /Users/edwinfinch/pebble-dev/PebbleSDK-2.6.1/Pebble/lib/libpebble.a(tmpDC1Ifbpebble.o)
 .text.scroll_layer_create
                0x0000000000000000        0xc /Users/edwinfinch/pebble-dev/PebbleSDK-2.6.1/Pebble/lib/libpebble.a(tmpDC1Ifbpebble.o)
 .text.scroll_layer_destroy
                0x0000000000000000        0xc /Users/edwinfinch/pebble-dev/PebbleSDK-2.6.1/Pebble/lib/libpebble.a(tmpDC1Ifbpebble.o)
 .text.scroll_layer_get_content_offset
                0x0000000000000000        0xc /Users/edwinfinch/pebble-dev/PebbleSDK-2.6.1/Pebble/lib/libpebble.a(tmpDC1Ifbpebble.o)
 .text.scroll_layer_get_content_size
                0x0000000000000000        0xc /Users/edwinfinch/pebble-dev/PebbleSDK-2.6.1/Pebble/lib/libpebble.a(tmpDC1Ifbpebble.o)
 .text.scroll_layer_get_layer
                0x0000000000000000        0xc /Users/edwinfinch/pebble-dev/PebbleSDK-2.6.1/Pebble/lib/libpebble.a(tmpDC1Ifbpebble.o)
 .text.scroll_layer_get_shadow_hidden
                0x0000000000000000        0xc /Users/edwinfinch/pebble-dev/PebbleSDK-2.6.1/Pebble/lib/libpebble.a(tmpDC1Ifbpebble.o)
 .text.scroll_layer_scroll_down_click_handler
                0x0000000000000000        0xc /Users/edwinfinch/pebble-dev/PebbleSDK-2.6.1/Pebble/lib/libpebble.a(tmpDC1Ifbpebble.o)
 .text.scroll_layer_scroll_up_click_handler
                0x0000000000000000        0xc /Users/edwinfinch/pebble-dev/PebbleSDK-2.6.1/Pebble/lib/libpebble.a(tmpDC1Ifbpebble.o)
 .text.scroll_layer_set_callbacks
                0x0000000000000000        0xc /Users/edwinfinch/pebble-dev/PebbleSDK-2.6.1/Pebble/lib/libpebble.a(tmpDC1Ifbpebble.o)
 .text.scroll_layer_set_click_config_onto_window
                0x0000000000000000        0xc /Users/edwinfinch/pebble-dev/PebbleSDK-2.6.1/Pebble/lib/libpebble.a(tmpDC1Ifbpebble.o)
 .text.scroll_layer_set_content_offset
                0x0000000000000000        0xc /Users/edwinfinch/pebble-dev/PebbleSDK-2.6.1/Pebble/lib/libpebble.a(tmpDC1Ifbpebble.o)
 .text.scroll_layer_set_content_size
                0x0000000000000000        0xc /Users/edwinfinch/pebble-dev/PebbleSDK-2.6.1/Pebble/lib/libpebble.a(tmpDC1Ifbpebble.o)
 .text.scroll_layer_set_context
                0x0000000000000000        0xc /Users/edwinfinch/pebble-dev/PebbleSDK-2.6.1/Pebble/lib/libpebble.a(tmpDC1Ifbpebble.o)
 .text.scroll_layer_set_frame
                0x0000000000000000        0xc /Users/edwinfinch/pebble-dev/PebbleSDK-2.6.1/Pebble/lib/libpebble.a(tmpDC1Ifbpebble.o)
 .text.scroll_layer_set_shadow_hidden
                0x0000000000000000        0xc /Users/edwinfinch/pebble-dev/PebbleSDK-2.6.1/Pebble/lib/libpebble.a(tmpDC1Ifbpebble.o)
 .text.simple_menu_layer_create
                0x0000000000000000        0xc /Users/edwinfinch/pebble-dev/PebbleSDK-2.6.1/Pebble/lib/libpebble.a(tmpDC1Ifbpebble.o)
 .text.simple_menu_layer_destroy
                0x0000000000000000        0xc /Users/edwinfinch/pebble-dev/PebbleSDK-2.6.1/Pebble/lib/libpebble.a(tmpDC1Ifbpebble.o)
 .text.simple_menu_layer_get_layer
                0x0000000000000000        0xc /Users/edwinfinch/pebble-dev/PebbleSDK-2.6.1/Pebble/lib/libpebble.a(tmpDC1Ifbpebble.o)
 .text.simple_menu_layer_get_selected_index
                0x0000000000000000        0xc /Users/edwinfinch/pebble-dev/PebbleSDK-2.6.1/Pebble/lib/libpebble.a(tmpDC1Ifbpebble.o)
 .text.simple_menu_layer_set_selected_index
                0x0000000000000000        0xc /Users/edwinfinch/pebble-dev/PebbleSDK-2.6.1/Pebble/lib/libpebble.a(tmpDC1Ifbpebble.o)
 .text.sin_lookup
                0x0000000000000000        0xc /Users/edwinfinch/pebble-dev/PebbleSDK-2.6.1/Pebble/lib/libpebble.a(tmpDC1Ifbpebble.o)
 .text.strcat   0x0000000000000000        0xc /Users/edwinfinch/pebble-dev/PebbleSDK-2.6.1/Pebble/lib/libpebble.a(tmpDC1Ifbpebble.o)
 .text.strcmp   0x0000000000000000        0xc /Users/edwinfinch/pebble-dev/PebbleSDK-2.6.1/Pebble/lib/libpebble.a(tmpDC1Ifbpebble.o)
 .text.strlen   0x0000000000000000        0xc /Users/edwinfinch/pebble-dev/PebbleSDK-2.6.1/Pebble/lib/libpebble.a(tmpDC1Ifbpebble.o)
 .text.strncat  0x0000000000000000        0xc /Users/edwinfinch/pebble-dev/PebbleSDK-2.6.1/Pebble/lib/libpebble.a(tmpDC1Ifbpebble.o)
 .text.strncmp  0x0000000000000000        0xc /Users/edwinfinch/pebble-dev/PebbleSDK-2.6.1/Pebble/lib/libpebble.a(tmpDC1Ifbpebble.o)
 .text.strncpy  0x0000000000000000        0xc /Users/edwinfinch/pebble-dev/PebbleSDK-2.6.1/Pebble/lib/libpebble.a(tmpDC1Ifbpebble.o)
 .text.text_layer_get_content_size
                0x0000000000000000        0xc /Users/edwinfinch/pebble-dev/PebbleSDK-2.6.1/Pebble/lib/libpebble.a(tmpDC1Ifbpebble.o)
 .text.text_layer_get_text
                0x0000000000000000        0xc /Users/edwinfinch/pebble-dev/PebbleSDK-2.6.1/Pebble/lib/libpebble.a(tmpDC1Ifbpebble.o)
 .text.text_layer_set_overflow_mode
                0x0000000000000000        0xc /Users/edwinfinch/pebble-dev/PebbleSDK-2.6.1/Pebble/lib/libpebble.a(tmpDC1Ifbpebble.o)
 .text.text_layer_set_size
                0x0000000000000000        0xc /Users/edwinfinch/pebble-dev/PebbleSDK-2.6.1/Pebble/lib/libpebble.a(tmpDC1Ifbpebble.o)
 .text.tick_timer_service_unsubscribe
                0x0000000000000000        0xc /Users/edwinfinch/pebble-dev/PebbleSDK-2.6.1/Pebble/lib/libpebble.a(tmpDC1Ifbpebble.o)
 .text.time_ms  0x0000000000000000        0xc /Users/edwinfinch/pebble-dev/PebbleSDK-2.6.1/Pebble/lib/libpebble.a(tmpDC1Ifbpebble.o)
 .text.vibes_cancel
                0x0000000000000000        0xc /Users/edwinfinch/pebble-dev/PebbleSDK-2.6.1/Pebble/lib/libpebble.a(tmpDC1Ifbpebble.o)
 .text.vibes_enqueue_custom_pattern
                0x0000000000000000        0xc /Users/edwinfinch/pebble-dev/PebbleSDK-2.6.1/Pebble/lib/libpebble.a(tmpDC1Ifbpebble.o)
 .text.window_get_click_config_provider
                0x0000000000000000        0xc /Users/edwinfinch/pebble-dev/PebbleSDK-2.6.1/Pebble/lib/libpebble.a(tmpDC1Ifbpebble.o)
 .text.window_get_fullscreen
                0x0000000000000000        0xc /Users/edwinfinch/pebble-dev/PebbleSDK-2.6.1/Pebble/lib/libpebble.a(tmpDC1Ifbpebble.o)
 .text.window_is_loaded
                0x0000000000000000        0xc /Users/edwinfinch/pebble-dev/PebbleSDK-2.6.1/Pebble/lib/libpebble.a(tmpDC1Ifbpebble.o)
 .text.window_set_background_color
                0x0000000000000000        0xc /Users/edwinfinch/pebble-dev/PebbleSDK-2.6.1/Pebble/lib/libpebble.a(tmpDC1Ifbpebble.o)
 .text.window_set_click_config_provider
                0x0000000000000000        0xc /Users/edwinfinch/pebble-dev/PebbleSDK-2.6.1/Pebble/lib/libpebble.a(tmpDC1Ifbpebble.o)
 .text.window_set_click_config_provider_with_context
                0x0000000000000000        0xc /Users/edwinfinch/pebble-dev/PebbleSDK-2.6.1/Pebble/lib/libpebble.a(tmpDC1Ifbpebble.o)
 .text.window_set_fullscreen
                0x0000000000000000        0xc /Users/edwinfinch/pebble-dev/PebbleSDK-2.6.1/Pebble/lib/libpebble.a(tmpDC1Ifbpebble.o)
 .text.window_set_status_bar_icon
                0x0000000000000000        0xc /Users/edwinfinch/pebble-dev/PebbleSDK-2.6.1/Pebble/lib/libpebble.a(tmpDC1Ifbpebble.o)
 .text.window_stack_contains_window
                0x0000000000000000        0xc /Users/edwinfinch/pebble-dev/PebbleSDK-2.6.1/Pebble/lib/libpebble.a(tmpDC1Ifbpebble.o)
 .text.window_stack_get_top_window
                0x0000000000000000        0xc /Users/edwinfinch/pebble-dev/PebbleSDK-2.6.1/Pebble/lib/libpebble.a(tmpDC1Ifbpebble.o)
 .text.window_stack_pop_all
                0x0000000000000000        0xc /Users/edwinfinch/pebble-dev/PebbleSDK-2.6.1/Pebble/lib/libpebble.a(tmpDC1Ifbpebble.o)
 .text.window_stack_remove
                0x0000000000000000        0xc /Users/edwinfinch/pebble-dev/PebbleSDK-2.6.1/Pebble/lib/libpebble.a(tmpDC1Ifbpebble.o)
 .text.app_focus_service_subscribe
                0x0000000000000000        0xc /Users/edwinfinch/pebble-dev/PebbleSDK-2.6.1/Pebble/lib/libpebble.a(tmpDC1Ifbpebble.o)
 .text.app_focus_service_unsubscribe
                0x0000000000000000        0xc /Users/edwinfinch/pebble-dev/PebbleSDK-2.6.1/Pebble/lib/libpebble.a(tmpDC1Ifbpebble.o)
 .text.window_get_user_data
                0x0000000000000000        0xc /Users/edwinfinch/pebble-dev/PebbleSDK-2.6.1/Pebble/lib/libpebble.a(tmpDC1Ifbpebble.o)
 .text.window_set_user_data
                0x0000000000000000        0xc /Users/edwinfinch/pebble-dev/PebbleSDK-2.6.1/Pebble/lib/libpebble.a(tmpDC1Ifbpebble.o)
 .text.app_message_get_context
                0x0000000000000000        0xc /Users/edwinfinch/pebble-dev/PebbleSDK-2.6.1/Pebble/lib/libpebble.a(tmpDC1Ifbpebble.o)
 .text.app_message_inbox_size_maximum
                0x0000000000000000        0xc /Users/edwinfinch/pebble-dev/PebbleSDK-2.6.1/Pebble/lib/libpebble.a(tmpDC1Ifbpebble.o)
 .text.app_message_outbox_begin
                0x0000000000000000        0xc /Users/edwinfinch/pebble-dev/PebbleSDK-2.6.1/Pebble/lib/libpebble.a(tmpDC1Ifbpebble.o)
 .text.app_message_outbox_send
                0x0000000000000000        0xc /Users/edwinfinch/pebble-dev/PebbleSDK-2.6.1/Pebble/lib/libpebble.a(tmpDC1Ifbpebble.o)
 .text.app_message_outbox_size_maximum
                0x0000000000000000        0xc /Users/edwinfinch/pebble-dev/PebbleSDK-2.6.1/Pebble/lib/libpebble.a(tmpDC1Ifbpebble.o)
 .text.app_message_register_inbox_dropped
                0x0000000000000000        0xc /Users/edwinfinch/pebble-dev/PebbleSDK-2.6.1/Pebble/lib/libpebble.a(tmpDC1Ifbpebble.o)
 .text.app_message_register_outbox_failed
                0x0000000000000000        0xc /Users/edwinfinch/pebble-dev/PebbleSDK-2.6.1/Pebble/lib/libpebble.a(tmpDC1Ifbpebble.o)
 .text.app_message_register_outbox_sent
                0x0000000000000000        0xc /Users/edwinfinch/pebble-dev/PebbleSDK-2.6.1/Pebble/lib/libpebble.a(tmpDC1Ifbpebble.o)
 .text.app_message_set_context
                0x0000000000000000        0xc /Users/edwinfinch/pebble-dev/PebbleSDK-2.6.1/Pebble/lib/libpebble.a(tmpDC1Ifbpebble.o)
 .text.window_long_click_subscribe
                0x0000000000000000        0xc /Users/edwinfinch/pebble-dev/PebbleSDK-2.6.1/Pebble/lib/libpebble.a(tmpDC1Ifbpebble.o)
 .text.window_multi_click_subscribe
                0x0000000000000000        0xc /Users/edwinfinch/pebble-dev/PebbleSDK-2.6.1/Pebble/lib/libpebble.a(tmpDC1Ifbpebble.o)
 .text.window_raw_click_subscribe
                0x0000000000000000        0xc /Users/edwinfinch/pebble-dev/PebbleSDK-2.6.1/Pebble/lib/libpebble.a(tmpDC1Ifbpebble.o)
 .text.window_set_click_context
                0x0000000000000000        0xc /Users/edwinfinch/pebble-dev/PebbleSDK-2.6.1/Pebble/lib/libpebble.a(tmpDC1Ifbpebble.o)
 .text.window_single_click_subscribe
                0x0000000000000000        0xc /Users/edwinfinch/pebble-dev/PebbleSDK-2.6.1/Pebble/lib/libpebble.a(tmpDC1Ifbpebble.o)
 .text.window_single_repeating_click_subscribe
                0x0000000000000000        0xc /Users/edwinfinch/pebble-dev/PebbleSDK-2.6.1/Pebble/lib/libpebble.a(tmpDC1Ifbpebble.o)
 .text.graphics_draw_text
                0x0000000000000000        0xc /Users/edwinfinch/pebble-dev/PebbleSDK-2.6.1/Pebble/lib/libpebble.a(tmpDC1Ifbpebble.o)
 .text.dict_serialize_tuplets_to_buffer
                0x0000000000000000        0xc /Users/edwinfinch/pebble-dev/PebbleSDK-2.6.1/Pebble/lib/libpebble.a(tmpDC1Ifbpebble.o)
 .text.persist_read_string
                0x0000000000000000        0xc /Users/edwinfinch/pebble-dev/PebbleSDK-2.6.1/Pebble/lib/libpebble.a(tmpDC1Ifbpebble.o)
 .text.dict_size
                0x0000000000000000        0xc /Users/edwinfinch/pebble-dev/PebbleSDK-2.6.1/Pebble/lib/libpebble.a(tmpDC1Ifbpebble.o)
 .text.graphics_text_layout_get_content_size
                0x0000000000000000        0xc /Users/edwinfinch/pebble-dev/PebbleSDK-2.6.1/Pebble/lib/libpebble.a(tmpDC1Ifbpebble.o)
 .text.simple_menu_layer_get_menu_layer
                0x0000000000000000        0xc /Users/edwinfinch/pebble-dev/PebbleSDK-2.6.1/Pebble/lib/libpebble.a(tmpDC1Ifbpebble.o)
 .text.accel_data_service_subscribe
                0x0000000000000000        0xc /Users/edwinfinch/pebble-dev/PebbleSDK-2.6.1/Pebble/lib/libpebble.a(tmpDC1Ifbpebble.o)
 .text.calloc   0x0000000000000000        0xc /Users/edwinfinch/pebble-dev/PebbleSDK-2.6.1/Pebble/lib/libpebble.a(tmpDC1Ifbpebble.o)
 .text.bitmap_layer_get_bitmap
                0x0000000000000000        0xc /Users/edwinfinch/pebble-dev/PebbleSDK-2.6.1/Pebble/lib/libpebble.a(tmpDC1Ifbpebble.o)
 .text.menu_layer_set_callbacks
                0x0000000000000000        0xc /Users/edwinfinch/pebble-dev/PebbleSDK-2.6.1/Pebble/lib/libpebble.a(tmpDC1Ifbpebble.o)
 .text.window_get_click_config_context
                0x0000000000000000        0xc /Users/edwinfinch/pebble-dev/PebbleSDK-2.6.1/Pebble/lib/libpebble.a(tmpDC1Ifbpebble.o)
 .text.number_window_get_window
                0x0000000000000000        0xc /Users/edwinfinch/pebble-dev/PebbleSDK-2.6.1/Pebble/lib/libpebble.a(tmpDC1Ifbpebble.o)
 .text.realloc  0x0000000000000000        0xc /Users/edwinfinch/pebble-dev/PebbleSDK-2.6.1/Pebble/lib/libpebble.a(tmpDC1Ifbpebble.o)
 .text.gbitmap_create_blank
                0x0000000000000000        0xc /Users/edwinfinch/pebble-dev/PebbleSDK-2.6.1/Pebble/lib/libpebble.a(tmpDC1Ifbpebble.o)
 .text.click_recognizer_is_repeating
                0x0000000000000000        0xc /Users/edwinfinch/pebble-dev/PebbleSDK-2.6.1/Pebble/lib/libpebble.a(tmpDC1Ifbpebble.o)
 .text.accel_raw_data_service_subscribe
                0x0000000000000000        0xc /Users/edwinfinch/pebble-dev/PebbleSDK-2.6.1/Pebble/lib/libpebble.a(tmpDC1Ifbpebble.o)
 .text.app_worker_is_running
                0x0000000000000000        0xc /Users/edwinfinch/pebble-dev/PebbleSDK-2.6.1/Pebble/lib/libpebble.a(tmpDC1Ifbpebble.o)
 .text.app_worker_kill
                0x0000000000000000        0xc /Users/edwinfinch/pebble-dev/PebbleSDK-2.6.1/Pebble/lib/libpebble.a(tmpDC1Ifbpebble.o)
 .text.app_worker_launch
                0x0000000000000000        0xc /Users/edwinfinch/pebble-dev/PebbleSDK-2.6.1/Pebble/lib/libpebble.a(tmpDC1Ifbpebble.o)
 .text.app_worker_message_subscribe
                0x0000000000000000        0xc /Users/edwinfinch/pebble-dev/PebbleSDK-2.6.1/Pebble/lib/libpebble.a(tmpDC1Ifbpebble.o)
 .text.app_worker_message_unsubscribe
                0x0000000000000000        0xc /Users/edwinfinch/pebble-dev/PebbleSDK-2.6.1/Pebble/lib/libpebble.a(tmpDC1Ifbpebble.o)
 .text.app_worker_send_message
                0x0000000000000000        0xc /Users/edwinfinch/pebble-dev/PebbleSDK-2.6.1/Pebble/lib/libpebble.a(tmpDC1Ifbpebble.o)
 .text.worker_event_loop
                0x0000000000000000        0xc /Users/edwinfinch/pebble-dev/PebbleSDK-2.6.1/Pebble/lib/libpebble.a(tmpDC1Ifbpebble.o)
 .text.worker_launch_app
                0x0000000000000000        0xc /Users/edwinfinch/pebble-dev/PebbleSDK-2.6.1/Pebble/lib/libpebble.a(tmpDC1Ifbpebble.o)
 .text.heap_bytes_free
                0x0000000000000000        0xc /Users/edwinfinch/pebble-dev/PebbleSDK-2.6.1/Pebble/lib/libpebble.a(tmpDC1Ifbpebble.o)
 .text.heap_bytes_used
                0x0000000000000000        0xc /Users/edwinfinch/pebble-dev/PebbleSDK-2.6.1/Pebble/lib/libpebble.a(tmpDC1Ifbpebble.o)
 .text.compass_service_peek
                0x0000000000000000        0xc /Users/edwinfinch/pebble-dev/PebbleSDK-2.6.1/Pebble/lib/libpebble.a(tmpDC1Ifbpebble.o)
 .text.compass_service_set_heading_filter
                0x0000000000000000        0xc /Users/edwinfinch/pebble-dev/PebbleSDK-2.6.1/Pebble/lib/libpebble.a(tmpDC1Ifbpebble.o)
 .text.compass_service_subscribe
                0x0000000000000000        0xc /Users/edwinfinch/pebble-dev/PebbleSDK-2.6.1/Pebble/lib/libpebble.a(tmpDC1Ifbpebble.o)
 .text.compass_service_unsubscribe
                0x0000000000000000        0xc /Users/edwinfinch/pebble-dev/PebbleSDK-2.6.1/Pebble/lib/libpebble.a(tmpDC1Ifbpebble.o)
 .text.uuid_equal
                0x0000000000000000        0xc /Users/edwinfinch/pebble-dev/PebbleSDK-2.6.1/Pebble/lib/libpebble.a(tmpDC1Ifbpebble.o)
 .text.uuid_to_string
                0x0000000000000000        0xc /Users/edwinfinch/pebble-dev/PebbleSDK-2.6.1/Pebble/lib/libpebble.a(tmpDC1Ifbpebble.o)
 .text.gpath_draw_filled
                0x0000000000000000        0xc /Users/edwinfinch/pebble-dev/PebbleSDK-2.6.1/Pebble/lib/libpebble.a(tmpDC1Ifbpebble.o)
 .text.animation_set_custom_curve
                0x0000000000000000        0xc /Users/edwinfinch/pebble-dev/PebbleSDK-2.6.1/Pebble/lib/libpebble.a(tmpDC1Ifbpebble.o)
 .text.watch_info_get_color
                0x0000000000000000        0xc /Users/edwinfinch/pebble-dev/PebbleSDK-2.6.1/Pebble/lib/libpebble.a(tmpDC1Ifbpebble.o)
 .text.watch_info_get_firmware_version
                0x0000000000000000        0xc /Users/edwinfinch/pebble-dev/PebbleSDK-2.6.1/Pebble/lib/libpebble.a(tmpDC1Ifbpebble.o)
 .text.watch_info_get_model
                0x0000000000000000        0xc /Users/edwinfinch/pebble-dev/PebbleSDK-2.6.1/Pebble/lib/libpebble.a(tmpDC1Ifbpebble.o)
 .text.graphics_capture_frame_buffer
                0x0000000000000000        0xc /Users/edwinfinch/pebble-dev/PebbleSDK-2.6.1/Pebble/lib/libpebble.a(tmpDC1Ifbpebble.o)
 .text.graphics_frame_buffer_is_captured
                0x0000000000000000        0xc /Users/edwinfinch/pebble-dev/PebbleSDK-2.6.1/Pebble/lib/libpebble.a(tmpDC1Ifbpebble.o)
 .text.graphics_release_frame_buffer
                0x0000000000000000        0xc /Users/edwinfinch/pebble-dev/PebbleSDK-2.6.1/Pebble/lib/libpebble.a(tmpDC1Ifbpebble.o)
 .bss           0x0000000000000000        0x0 /Users/edwinfinch/pebble-dev/PebbleSDK-2.6.1/arm-cs-tools/bin/../lib/gcc/arm-none-eabi/4.7.2/thumb2/libgcc.a(_arm_addsubdf3.o)
 .bss           0x0000000000000000        0x0 /Users/edwinfinch/pebble-dev/PebbleSDK-2.6.1/arm-cs-tools/bin/../lib/gcc/arm-none-eabi/4.7.2/thumb2/libgcc.a(_arm_muldivdf3.o)
 .bss           0x0000000000000000        0x0 /Users/edwinfinch/pebble-dev/PebbleSDK-2.6.1/arm-cs-tools/bin/../lib/gcc/arm-none-eabi/4.7.2/thumb2/libgcc.a(_arm_fixdfsi.o)
 .text          0x0000000000000000        0x0 /Users/edwinfinch/pebble-dev/PebbleSDK-2.6.1/arm-cs-tools/bin/../lib/gcc/arm-none-eabi/4.7.2/thumb2/crtend.o
 .bss           0x0000000000000000        0x0 /Users/edwinfinch/pebble-dev/PebbleSDK-2.6.1/arm-cs-tools/bin/../lib/gcc/arm-none-eabi/4.7.2/thumb2/crtend.o
 .eh_frame      0x0000000000000000        0x4 /Users/edwinfinch/pebble-dev/PebbleSDK-2.6.1/arm-cs-tools/bin/../lib/gcc/arm-none-eabi/4.7.2/thumb2/crtend.o
 .jcr           0x0000000000000000        0x4 /Users/edwinfinch/pebble-dev/PebbleSDK-2.6.1/arm-cs-tools/bin/../lib/gcc/arm-none-eabi/4.7.2/thumb2/crtend.o
 .tm_clone_table
                0x0000000000000000        0x0 /Users/edwinfinch/pebble-dev/PebbleSDK-2.6.1/arm-cs-tools/bin/../lib/gcc/arm-none-eabi/4.7.2/thumb2/crtend.o
 .text          0x0000000000000000        0x0 /Users/edwinfinch/pebble-dev/PebbleSDK-2.6.1/arm-cs-tools/bin/../lib/gcc/arm-none-eabi/4.7.2/thumb2/crtn.o
 .bss           0x0000000000000000        0x0 /Users/edwinfinch/pebble-dev/PebbleSDK-2.6.1/arm-cs-tools/bin/../lib/gcc/arm-none-eabi/4.7.2/thumb2/crtn.o
 .init          0x0000000000000000        0x8 /Users/edwinfinch/pebble-dev/PebbleSDK-2.6.1/arm-cs-tools/bin/../lib/gcc/arm-none-eabi/4.7.2/thumb2/crtn.o
 .fini          0x0000000000000000        0x8 /Users/edwinfinch/pebble-dev/PebbleSDK-2.6.1/arm-cs-tools/bin/../lib/gcc/arm-none-eabi/4.7.2/thumb2/crtn.o

Memory Configuration

Name             Origin             Length             Attributes
APP              0x0000000000000000 0x0000000000006000 xrw
*default*        0x0000000000000000 0xffffffffffffffff

Linker script and memory map

LOAD /Users/edwinfinch/pebble-dev/PebbleSDK-2.6.1/arm-cs-tools/bin/../lib/gcc/arm-none-eabi/4.7.2/thumb2/crti.o
LOAD /Users/edwinfinch/pebble-dev/PebbleSDK-2.6.1/arm-cs-tools/bin/../lib/gcc/arm-none-eabi/4.7.2/thumb2/crtbegin.o
LOAD src/content_layer.c.26.o
LOAD src/extras.c.26.o
LOAD src/main.c.26.o
LOAD src/notification.c.26.o
LOAD appinfo.auto.c.26.o
LOAD /Users/edwinfinch/pebble-dev/PebbleSDK-2.6.1/Pebble/lib/libpebble.a
START GROUP
LOAD /Users/edwinfinch/pebble-dev/PebbleSDK-2.6.1/arm-cs-tools/bin/../lib/gcc/arm-none-eabi/4.7.2/thumb2/libgcc.a
LOAD /Users/edwinfinch/pebble-dev/PebbleSDK-2.6.1/arm-cs-tools/bin/../lib/gcc/arm-none-eabi/4.7.2/../../../../arm-none-eabi/lib/thumb2/libc.a
END GROUP
LOAD /Users/edwinfinch/pebble-dev/PebbleSDK-2.6.1/arm-cs-tools/bin/../lib/gcc/arm-none-eabi/4.7.2/thumb2/crtend.o
LOAD /Users/edwinfinch/pebble-dev/PebbleSDK-2.6.1/arm-cs-tools/bin/../lib/gcc/arm-none-eabi/4.7.2/thumb2/crtn.o

.header         0x0000000000000000       0x82
 *(.pbl_header)
 .pbl_header    0x0000000000000000       0x82 appinfo.auto.c.26.o
                0x0000000000000000                __pbl_app_info

.text           0x0000000000000088     0x2c3f
 *(.text)
 .text          0x0000000000000088       0x14 /Users/edwinfinch/pebble-dev/PebbleSDK-2.6.1/Pebble/lib/libpebble.a(tmpDC1Ifbpebble.o)
 .text          0x000000000000009c      0x370 /Users/edwinfinch/pebble-dev/PebbleSDK-2.6.1/arm-cs-tools/bin/../lib/gcc/arm-none-eabi/4.7.2/thumb2/libgcc.a(_arm_addsubdf3.o)
                0x000000000000009c                __aeabi_drsub
                0x00000000000000a4                __subdf3
                0x00000000000000a4                __aeabi_dsub
                0x00000000000000a8                __aeabi_dadd
                0x00000000000000a8                __adddf3
                0x0000000000000320                __aeabi_ui2d
                0x0000000000000320                __floatunsidf
                0x0000000000000340                __floatsidf
                0x0000000000000340                __aeabi_i2d
                0x0000000000000364                __extendsfdf2
                0x0000000000000364                __aeabi_f2d
                0x00000000000003a0                __aeabi_ul2d
                0x00000000000003a0                __floatundidf
                0x00000000000003b0                __aeabi_l2d
                0x00000000000003b0                __floatdidf
 .text          0x000000000000040c      0x424 /Users/edwinfinch/pebble-dev/PebbleSDK-2.6.1/arm-cs-tools/bin/../lib/gcc/arm-none-eabi/4.7.2/thumb2/libgcc.a(_arm_muldivdf3.o)
                0x000000000000040c                __aeabi_dmul
                0x000000000000040c                __muldf3
                0x0000000000000660                __aeabi_ddiv
                0x0000000000000660                __divdf3
 .text          0x0000000000000830       0x50 /Users/edwinfinch/pebble-dev/PebbleSDK-2.6.1/arm-cs-tools/bin/../lib/gcc/arm-none-eabi/4.7.2/thumb2/libgcc.a(_arm_fixdfsi.o)
                0x0000000000000830                __fixdfsi
                0x0000000000000830                __aeabi_d2iz
 *(.text.*)
 .text.reset_stack_top
                0x0000000000000880       0x10 src/content_layer.c.26.o
                0x0000000000000880                reset_stack_top
 .text.get_next_content_layer_id
                0x0000000000000890       0x28 src/content_layer.c.26.o
                0x0000000000000890                get_next_content_layer_id
 .text.set_id_stack_value
                0x00000000000008b8       0x10 src/content_layer.c.26.o
                0x00000000000008b8                set_id_stack_value
 .text.content_layer_create
                0x00000000000008c8       0xf8 src/content_layer.c.26.o
                0x00000000000008c8                content_layer_create
 .text.content_layer_set_text
                0x00000000000009c0       0x18 src/content_layer.c.26.o
                0x00000000000009c0                content_layer_set_text
 .text.content_layer_display
                0x00000000000009d8       0x38 src/content_layer.c.26.o
                0x00000000000009d8                content_layer_display
 .text.content_layer_hide
                0x0000000000000a10       0x3c src/content_layer.c.26.o
                0x0000000000000a10                content_layer_hide
 .text.content_layer_destroy
                0x0000000000000a4c       0x20 src/content_layer.c.26.o
                0x0000000000000a4c                content_layer_destroy
 .text.on_animation_stopped
                0x0000000000000a6c        0x4 src/extras.c.26.o
                0x0000000000000a6c                on_animation_stopped
 .text.text_layer_init
                0x0000000000000a70       0x64 src/extras.c.26.o
                0x0000000000000a70                text_layer_init
 .text.animate_layer
                0x0000000000000ad4       0x40 src/extras.c.26.o
                0x0000000000000ad4                animate_layer
 .text.animate_layer_return
                0x0000000000000b14       0x3c src/extras.c.26.o
                0x0000000000000b14                animate_layer_return
 .text.window_unload_main
                0x0000000000000b50      0x164 src/main.c.26.o
                0x0000000000000b50                window_unload_main
 .text.icon_switch
                0x0000000000000cb4       0x20 src/main.c.26.o
                0x0000000000000cb4                icon_switch
 .text.bt_handler
                0x0000000000000cd4       0xb0 src/main.c.26.o
                0x0000000000000cd4                bt_handler
 .text.battery_handler
                0x0000000000000d84       0xa0 src/main.c.26.o
                0x0000000000000d84                battery_handler
 .text.tick_handler
                0x0000000000000e24      0x148 src/main.c.26.o
                0x0000000000000e24                tick_handler
 .text.circles_proc
                0x0000000000000f6c       0x8c src/main.c.26.o
                0x0000000000000f6c                circles_proc
 .text.card_time_root_proc
                0x0000000000000ff8       0x28 src/main.c.26.o
                0x0000000000000ff8                card_time_root_proc
 .text.battery_layer_proc
                0x0000000000001020       0x50 src/main.c.26.o
                0x0000000000001020                battery_layer_proc
 .text.chat_bubble_proc
                0x0000000000001070       0x2c src/main.c.26.o
                0x0000000000001070                chat_bubble_proc
 .text.animate_buildup.part.0
                0x000000000000109c       0x5c src/main.c.26.o
 .text.tick_handler_fire
                0x00000000000010f8       0x1c src/main.c.26.o
                0x00000000000010f8                tick_handler_fire
 .text.refresh_settings
                0x0000000000001114      0x1dc src/main.c.26.o
                0x0000000000001114                refresh_settings
 .text.window_load_main
                0x00000000000012f0      0x4f0 src/main.c.26.o
                0x00000000000012f0                window_load_main
 .text.animate_buildup
                0x00000000000017e0       0x5c src/main.c.26.o
                0x00000000000017e0                animate_buildup
 .text.icon_layer_switch
                0x000000000000183c      0x104 src/main.c.26.o
                0x000000000000183c                icon_layer_switch
 .text.time_elements_show
                0x0000000000001940       0xb4 src/main.c.26.o
                0x0000000000001940                time_elements_show
 .text.time_elements_hide
                0x00000000000019f4       0xb4 src/main.c.26.o
                0x00000000000019f4                time_elements_hide
 .text.hide_current_card
                0x0000000000001aa8       0x54 src/main.c.26.o
                0x0000000000001aa8                hide_current_card
 .text.cards_deinit
                0x0000000000001afc       0x68 src/main.c.26.o
                0x0000000000001afc                cards_deinit
 .text.cards_init
                0x0000000000001b64       0x34 src/main.c.26.o
                0x0000000000001b64                cards_init
 .text.tap_handler
                0x0000000000001b98      0x198 src/main.c.26.o
                0x0000000000001b98                tap_handler
 .text.process_tuple
                0x0000000000001d30      0x208 src/main.c.26.o
                0x0000000000001d30                process_tuple
 .text.app_message_handler
                0x0000000000001f38       0x44 src/main.c.26.o
                0x0000000000001f38                app_message_handler
 .text.init     0x0000000000001f7c      0x164 src/main.c.26.o
                0x0000000000001f7c                init
 .text.deinit   0x00000000000020e0       0x70 src/main.c.26.o
                0x00000000000020e0                deinit
 .text.startup.main
                0x0000000000002150       0x14 src/main.c.26.o
                0x0000000000002150                main
 .text.root_proc
                0x0000000000002164       0x30 src/notification.c.26.o
                0x0000000000002164                root_proc
 .text.notif_layer_init
                0x0000000000002194      0x100 src/notification.c.26.o
                0x0000000000002194                notif_layer_init
 .text.notif_layer_deinit
                0x0000000000002294       0x30 src/notification.c.26.o
                0x0000000000002294                notif_layer_deinit
 .text.notif_layer_push_notif
                0x00000000000022c4       0xa8 src/notification.c.26.o
                0x00000000000022c4                notif_layer_push_notif
 .text.accel_tap_service_subscribe
                0x000000000000236c        0xc /Users/edwinfinch/pebble-dev/PebbleSDK-2.6.1/Pebble/lib/libpebble.a(tmpDC1Ifbpebble.o)
                0x000000000000236c                accel_tap_service_subscribe
 .text.animation_schedule
                0x0000000000002378        0xc /Users/edwinfinch/pebble-dev/PebbleSDK-2.6.1/Pebble/lib/libpebble.a(tmpDC1Ifbpebble.o)
                0x0000000000002378                animation_schedule
 .text.animation_set_delay
                0x0000000000002384        0xc /Users/edwinfinch/pebble-dev/PebbleSDK-2.6.1/Pebble/lib/libpebble.a(tmpDC1Ifbpebble.o)
                0x0000000000002384                animation_set_delay
 .text.animation_set_duration
                0x0000000000002390        0xc /Users/edwinfinch/pebble-dev/PebbleSDK-2.6.1/Pebble/lib/libpebble.a(tmpDC1Ifbpebble.o)
                0x0000000000002390                animation_set_duration
 .text.animation_set_handlers
                0x000000000000239c        0xc /Users/edwinfinch/pebble-dev/PebbleSDK-2.6.1/Pebble/lib/libpebble.a(tmpDC1Ifbpebble.o)
                0x000000000000239c                animation_set_handlers
 .text.animation_unschedule_all
                0x00000000000023a8        0xc /Users/edwinfinch/pebble-dev/PebbleSDK-2.6.1/Pebble/lib/libpebble.a(tmpDC1Ifbpebble.o)
                0x00000000000023a8                animation_unschedule_all
 .text.app_event_loop
                0x00000000000023b4        0xc /Users/edwinfinch/pebble-dev/PebbleSDK-2.6.1/Pebble/lib/libpebble.a(tmpDC1Ifbpebble.o)
                0x00000000000023b4                app_event_loop
 .text.app_log  0x00000000000023c0        0xc /Users/edwinfinch/pebble-dev/PebbleSDK-2.6.1/Pebble/lib/libpebble.a(tmpDC1Ifbpebble.o)
                0x00000000000023c0                app_log
 .text.app_message_open
                0x00000000000023cc        0xc /Users/edwinfinch/pebble-dev/PebbleSDK-2.6.1/Pebble/lib/libpebble.a(tmpDC1Ifbpebble.o)
                0x00000000000023cc                app_message_open
 .text.app_timer_cancel
                0x00000000000023d8        0xc /Users/edwinfinch/pebble-dev/PebbleSDK-2.6.1/Pebble/lib/libpebble.a(tmpDC1Ifbpebble.o)
                0x00000000000023d8                app_timer_cancel
 .text.app_timer_register
                0x00000000000023e4        0xc /Users/edwinfinch/pebble-dev/PebbleSDK-2.6.1/Pebble/lib/libpebble.a(tmpDC1Ifbpebble.o)
                0x00000000000023e4                app_timer_register
 .text.app_timer_reschedule
                0x00000000000023f0        0xc /Users/edwinfinch/pebble-dev/PebbleSDK-2.6.1/Pebble/lib/libpebble.a(tmpDC1Ifbpebble.o)
                0x00000000000023f0                app_timer_reschedule
 .text.battery_state_service_peek
                0x00000000000023fc        0xc /Users/edwinfinch/pebble-dev/PebbleSDK-2.6.1/Pebble/lib/libpebble.a(tmpDC1Ifbpebble.o)
                0x00000000000023fc                battery_state_service_peek
 .text.battery_state_service_subscribe
                0x0000000000002408        0xc /Users/edwinfinch/pebble-dev/PebbleSDK-2.6.1/Pebble/lib/libpebble.a(tmpDC1Ifbpebble.o)
                0x0000000000002408                battery_state_service_subscribe
 .text.bitmap_layer_create
                0x0000000000002414        0xc /Users/edwinfinch/pebble-dev/PebbleSDK-2.6.1/Pebble/lib/libpebble.a(tmpDC1Ifbpebble.o)
                0x0000000000002414                bitmap_layer_create
 .text.bitmap_layer_destroy
                0x0000000000002420        0xc /Users/edwinfinch/pebble-dev/PebbleSDK-2.6.1/Pebble/lib/libpebble.a(tmpDC1Ifbpebble.o)
                0x0000000000002420                bitmap_layer_destroy
 .text.bitmap_layer_get_layer
                0x000000000000242c        0xc /Users/edwinfinch/pebble-dev/PebbleSDK-2.6.1/Pebble/lib/libpebble.a(tmpDC1Ifbpebble.o)
                0x000000000000242c                bitmap_layer_get_layer
 .text.bitmap_layer_set_bitmap
                0x0000000000002438        0xc /Users/edwinfinch/pebble-dev/PebbleSDK-2.6.1/Pebble/lib/libpebble.a(tmpDC1Ifbpebble.o)
                0x0000000000002438                bitmap_layer_set_bitmap
 .text.bluetooth_connection_service_peek
                0x0000000000002444        0xc /Users/edwinfinch/pebble-dev/PebbleSDK-2.6.1/Pebble/lib/libpebble.a(tmpDC1Ifbpebble.o)
                0x0000000000002444                bluetooth_connection_service_peek
 .text.bluetooth_connection_service_subscribe
                0x0000000000002450        0xc /Users/edwinfinch/pebble-dev/PebbleSDK-2.6.1/Pebble/lib/libpebble.a(tmpDC1Ifbpebble.o)
                0x0000000000002450                bluetooth_connection_service_subscribe
 .text.clock_is_24h_style
                0x000000000000245c        0xc /Users/edwinfinch/pebble-dev/PebbleSDK-2.6.1/Pebble/lib/libpebble.a(tmpDC1Ifbpebble.o)
                0x000000000000245c                clock_is_24h_style
 .text.dict_read_first
                0x0000000000002468        0xc /Users/edwinfinch/pebble-dev/PebbleSDK-2.6.1/Pebble/lib/libpebble.a(tmpDC1Ifbpebble.o)
                0x0000000000002468                dict_read_first
 .text.dict_read_next
                0x0000000000002474        0xc /Users/edwinfinch/pebble-dev/PebbleSDK-2.6.1/Pebble/lib/libpebble.a(tmpDC1Ifbpebble.o)
                0x0000000000002474                dict_read_next
 .text.fonts_get_system_font
                0x0000000000002480        0xc /Users/edwinfinch/pebble-dev/PebbleSDK-2.6.1/Pebble/lib/libpebble.a(tmpDC1Ifbpebble.o)
                0x0000000000002480                fonts_get_system_font
 .text.fonts_load_custom_font
                0x000000000000248c        0xc /Users/edwinfinch/pebble-dev/PebbleSDK-2.6.1/Pebble/lib/libpebble.a(tmpDC1Ifbpebble.o)
                0x000000000000248c                fonts_load_custom_font
 .text.free     0x0000000000002498        0xc /Users/edwinfinch/pebble-dev/PebbleSDK-2.6.1/Pebble/lib/libpebble.a(tmpDC1Ifbpebble.o)
                0x0000000000002498                free
 .text.gbitmap_create_with_resource
                0x00000000000024a4        0xc /Users/edwinfinch/pebble-dev/PebbleSDK-2.6.1/Pebble/lib/libpebble.a(tmpDC1Ifbpebble.o)
                0x00000000000024a4                gbitmap_create_with_resource
 .text.gbitmap_destroy
                0x00000000000024b0        0xc /Users/edwinfinch/pebble-dev/PebbleSDK-2.6.1/Pebble/lib/libpebble.a(tmpDC1Ifbpebble.o)
                0x00000000000024b0                gbitmap_destroy
 .text.graphics_context_set_fill_color
                0x00000000000024bc        0xc /Users/edwinfinch/pebble-dev/PebbleSDK-2.6.1/Pebble/lib/libpebble.a(tmpDC1Ifbpebble.o)
                0x00000000000024bc                graphics_context_set_fill_color
 .text.graphics_context_set_stroke_color
                0x00000000000024c8        0xc /Users/edwinfinch/pebble-dev/PebbleSDK-2.6.1/Pebble/lib/libpebble.a(tmpDC1Ifbpebble.o)
                0x00000000000024c8                graphics_context_set_stroke_color
 .text.graphics_draw_circle
                0x00000000000024d4        0xc /Users/edwinfinch/pebble-dev/PebbleSDK-2.6.1/Pebble/lib/libpebble.a(tmpDC1Ifbpebble.o)
                0x00000000000024d4                graphics_draw_circle
 .text.graphics_fill_circle
                0x00000000000024e0        0xc /Users/edwinfinch/pebble-dev/PebbleSDK-2.6.1/Pebble/lib/libpebble.a(tmpDC1Ifbpebble.o)
                0x00000000000024e0                graphics_fill_circle
 .text.graphics_fill_rect
                0x00000000000024ec        0xc /Users/edwinfinch/pebble-dev/PebbleSDK-2.6.1/Pebble/lib/libpebble.a(tmpDC1Ifbpebble.o)
                0x00000000000024ec                graphics_fill_rect
 .text.inverter_layer_create
                0x00000000000024f8        0xc /Users/edwinfinch/pebble-dev/PebbleSDK-2.6.1/Pebble/lib/libpebble.a(tmpDC1Ifbpebble.o)
                0x00000000000024f8                inverter_layer_create
 .text.inverter_layer_destroy
                0x0000000000002504        0xc /Users/edwinfinch/pebble-dev/PebbleSDK-2.6.1/Pebble/lib/libpebble.a(tmpDC1Ifbpebble.o)
                0x0000000000002504                inverter_layer_destroy
 .text.inverter_layer_get_layer
                0x0000000000002510        0xc /Users/edwinfinch/pebble-dev/PebbleSDK-2.6.1/Pebble/lib/libpebble.a(tmpDC1Ifbpebble.o)
                0x0000000000002510                inverter_layer_get_layer
 .text.layer_add_child
                0x000000000000251c        0xc /Users/edwinfinch/pebble-dev/PebbleSDK-2.6.1/Pebble/lib/libpebble.a(tmpDC1Ifbpebble.o)
                0x000000000000251c                layer_add_child
 .text.layer_create
                0x0000000000002528        0xc /Users/edwinfinch/pebble-dev/PebbleSDK-2.6.1/Pebble/lib/libpebble.a(tmpDC1Ifbpebble.o)
                0x0000000000002528                layer_create
 .text.layer_destroy
                0x0000000000002534        0xc /Users/edwinfinch/pebble-dev/PebbleSDK-2.6.1/Pebble/lib/libpebble.a(tmpDC1Ifbpebble.o)
                0x0000000000002534                layer_destroy
 .text.layer_get_frame
                0x0000000000002540        0xc /Users/edwinfinch/pebble-dev/PebbleSDK-2.6.1/Pebble/lib/libpebble.a(tmpDC1Ifbpebble.o)
                0x0000000000002540                layer_get_frame
 .text.layer_mark_dirty
                0x000000000000254c        0xc /Users/edwinfinch/pebble-dev/PebbleSDK-2.6.1/Pebble/lib/libpebble.a(tmpDC1Ifbpebble.o)
                0x000000000000254c                layer_mark_dirty
 .text.layer_set_hidden
                0x0000000000002558        0xc /Users/edwinfinch/pebble-dev/PebbleSDK-2.6.1/Pebble/lib/libpebble.a(tmpDC1Ifbpebble.o)
                0x0000000000002558                layer_set_hidden
 .text.layer_set_update_proc
                0x0000000000002564        0xc /Users/edwinfinch/pebble-dev/PebbleSDK-2.6.1/Pebble/lib/libpebble.a(tmpDC1Ifbpebble.o)
                0x0000000000002564                layer_set_update_proc
 .text.localtime
                0x0000000000002570        0xc /Users/edwinfinch/pebble-dev/PebbleSDK-2.6.1/Pebble/lib/libpebble.a(tmpDC1Ifbpebble.o)
                0x0000000000002570                localtime
 .text.malloc   0x000000000000257c        0xc /Users/edwinfinch/pebble-dev/PebbleSDK-2.6.1/Pebble/lib/libpebble.a(tmpDC1Ifbpebble.o)
                0x000000000000257c                malloc
 .text.memset   0x0000000000002588        0xc /Users/edwinfinch/pebble-dev/PebbleSDK-2.6.1/Pebble/lib/libpebble.a(tmpDC1Ifbpebble.o)
                0x0000000000002588                memset
 .text.persist_exists
                0x0000000000002594        0xc /Users/edwinfinch/pebble-dev/PebbleSDK-2.6.1/Pebble/lib/libpebble.a(tmpDC1Ifbpebble.o)
                0x0000000000002594                persist_exists
 .text.property_animation_create_layer_frame
                0x00000000000025a0        0xc /Users/edwinfinch/pebble-dev/PebbleSDK-2.6.1/Pebble/lib/libpebble.a(tmpDC1Ifbpebble.o)
                0x00000000000025a0                property_animation_create_layer_frame
 .text.property_animation_destroy
                0x00000000000025ac        0xc /Users/edwinfinch/pebble-dev/PebbleSDK-2.6.1/Pebble/lib/libpebble.a(tmpDC1Ifbpebble.o)
                0x00000000000025ac                property_animation_destroy
 .text.rand     0x00000000000025b8        0xc /Users/edwinfinch/pebble-dev/PebbleSDK-2.6.1/Pebble/lib/libpebble.a(tmpDC1Ifbpebble.o)
                0x00000000000025b8                rand
 .text.resource_get_handle
                0x00000000000025c4        0xc /Users/edwinfinch/pebble-dev/PebbleSDK-2.6.1/Pebble/lib/libpebble.a(tmpDC1Ifbpebble.o)
                0x00000000000025c4                resource_get_handle
 .text.snprintf
                0x00000000000025d0        0xc /Users/edwinfinch/pebble-dev/PebbleSDK-2.6.1/Pebble/lib/libpebble.a(tmpDC1Ifbpebble.o)
                0x00000000000025d0                snprintf
 .text.srand    0x00000000000025dc        0xc /Users/edwinfinch/pebble-dev/PebbleSDK-2.6.1/Pebble/lib/libpebble.a(tmpDC1Ifbpebble.o)
                0x00000000000025dc                srand
 .text.strcpy   0x00000000000025e8        0xc /Users/edwinfinch/pebble-dev/PebbleSDK-2.6.1/Pebble/lib/libpebble.a(tmpDC1Ifbpebble.o)
                0x00000000000025e8                strcpy
 .text.strftime
                0x00000000000025f4        0xc /Users/edwinfinch/pebble-dev/PebbleSDK-2.6.1/Pebble/lib/libpebble.a(tmpDC1Ifbpebble.o)
                0x00000000000025f4                strftime
 .text.text_layer_create
                0x0000000000002600        0xc /Users/edwinfinch/pebble-dev/PebbleSDK-2.6.1/Pebble/lib/libpebble.a(tmpDC1Ifbpebble.o)
                0x0000000000002600                text_layer_create
 .text.text_layer_destroy
                0x000000000000260c        0xc /Users/edwinfinch/pebble-dev/PebbleSDK-2.6.1/Pebble/lib/libpebble.a(tmpDC1Ifbpebble.o)
                0x000000000000260c                text_layer_destroy
 .text.text_layer_get_layer
                0x0000000000002618        0xc /Users/edwinfinch/pebble-dev/PebbleSDK-2.6.1/Pebble/lib/libpebble.a(tmpDC1Ifbpebble.o)
                0x0000000000002618                text_layer_get_layer
 .text.text_layer_set_background_color
                0x0000000000002624        0xc /Users/edwinfinch/pebble-dev/PebbleSDK-2.6.1/Pebble/lib/libpebble.a(tmpDC1Ifbpebble.o)
                0x0000000000002624                text_layer_set_background_color
 .text.text_layer_set_font
                0x0000000000002630        0xc /Users/edwinfinch/pebble-dev/PebbleSDK-2.6.1/Pebble/lib/libpebble.a(tmpDC1Ifbpebble.o)
                0x0000000000002630                text_layer_set_font
 .text.text_layer_set_text
                0x000000000000263c        0xc /Users/edwinfinch/pebble-dev/PebbleSDK-2.6.1/Pebble/lib/libpebble.a(tmpDC1Ifbpebble.o)
                0x000000000000263c                text_layer_set_text
 .text.text_layer_set_text_alignment
                0x0000000000002648        0xc /Users/edwinfinch/pebble-dev/PebbleSDK-2.6.1/Pebble/lib/libpebble.a(tmpDC1Ifbpebble.o)
                0x0000000000002648                text_layer_set_text_alignment
 .text.text_layer_set_text_color
                0x0000000000002654        0xc /Users/edwinfinch/pebble-dev/PebbleSDK-2.6.1/Pebble/lib/libpebble.a(tmpDC1Ifbpebble.o)
                0x0000000000002654                text_layer_set_text_color
 .text.tick_timer_service_subscribe
                0x0000000000002660        0xc /Users/edwinfinch/pebble-dev/PebbleSDK-2.6.1/Pebble/lib/libpebble.a(tmpDC1Ifbpebble.o)
                0x0000000000002660                tick_timer_service_subscribe
 .text.time     0x000000000000266c        0xc /Users/edwinfinch/pebble-dev/PebbleSDK-2.6.1/Pebble/lib/libpebble.a(tmpDC1Ifbpebble.o)
                0x000000000000266c                time
 .text.vibes_double_pulse
                0x0000000000002678        0xc /Users/edwinfinch/pebble-dev/PebbleSDK-2.6.1/Pebble/lib/libpebble.a(tmpDC1Ifbpebble.o)
                0x0000000000002678                vibes_double_pulse
 .text.vibes_long_pulse
                0x0000000000002684        0xc /Users/edwinfinch/pebble-dev/PebbleSDK-2.6.1/Pebble/lib/libpebble.a(tmpDC1Ifbpebble.o)
                0x0000000000002684                vibes_long_pulse
 .text.vibes_short_pulse
                0x0000000000002690        0xc /Users/edwinfinch/pebble-dev/PebbleSDK-2.6.1/Pebble/lib/libpebble.a(tmpDC1Ifbpebble.o)
                0x0000000000002690                vibes_short_pulse
 .text.window_create
                0x000000000000269c        0xc /Users/edwinfinch/pebble-dev/PebbleSDK-2.6.1/Pebble/lib/libpebble.a(tmpDC1Ifbpebble.o)
                0x000000000000269c                window_create
 .text.window_destroy
                0x00000000000026a8        0xc /Users/edwinfinch/pebble-dev/PebbleSDK-2.6.1/Pebble/lib/libpebble.a(tmpDC1Ifbpebble.o)
                0x00000000000026a8                window_destroy
 .text.window_get_root_layer
                0x00000000000026b4        0xc /Users/edwinfinch/pebble-dev/PebbleSDK-2.6.1/Pebble/lib/libpebble.a(tmpDC1Ifbpebble.o)
                0x00000000000026b4                window_get_root_layer
 .text.window_set_window_handlers
                0x00000000000026c0        0xc /Users/edwinfinch/pebble-dev/PebbleSDK-2.6.1/Pebble/lib/libpebble.a(tmpDC1Ifbpebble.o)
                0x00000000000026c0                window_set_window_handlers
 .text.window_stack_pop
                0x00000000000026cc        0xc /Users/edwinfinch/pebble-dev/PebbleSDK-2.6.1/Pebble/lib/libpebble.a(tmpDC1Ifbpebble.o)
                0x00000000000026cc                window_stack_pop
 .text.window_stack_push
                0x00000000000026d8        0xc /Users/edwinfinch/pebble-dev/PebbleSDK-2.6.1/Pebble/lib/libpebble.a(tmpDC1Ifbpebble.o)
                0x00000000000026d8                window_stack_push
 .text.app_message_register_inbox_received
                0x00000000000026e4        0xc /Users/edwinfinch/pebble-dev/PebbleSDK-2.6.1/Pebble/lib/libpebble.a(tmpDC1Ifbpebble.o)
                0x00000000000026e4                app_message_register_inbox_received
 .text.persist_read_data
                0x00000000000026f0        0xc /Users/edwinfinch/pebble-dev/PebbleSDK-2.6.1/Pebble/lib/libpebble.a(tmpDC1Ifbpebble.o)
                0x00000000000026f0                persist_read_data
 .text.persist_write_data
                0x00000000000026fc        0xc /Users/edwinfinch/pebble-dev/PebbleSDK-2.6.1/Pebble/lib/libpebble.a(tmpDC1Ifbpebble.o)
                0x00000000000026fc                persist_write_data
 *(.rodata)
 .rodata        0x0000000000002708       0x28 src/content_layer.c.26.o
 .rodata        0x0000000000002730       0x80 src/main.c.26.o
 .rodata        0x00000000000027b0       0x28 src/notification.c.26.o
 *(.rodata*)
 .rodata.str1.1
                0x00000000000027d8       0x2c src/content_layer.c.26.o
 .rodata.str1.1
                0x0000000000002804       0x1b src/extras.c.26.o
                                         0x31 (size before relaxing)
 .rodata.str1.1
                0x000000000000281f      0x477 src/main.c.26.o
                                        0x4a2 (size before relaxing)
 .rodata.str1.1
                0x0000000000002c96       0x31 src/notification.c.26.o

.glue_7         0x0000000000002cc8        0x0
 .glue_7        0x0000000000000000        0x0 linker stubs

.glue_7t        0x0000000000002cc8        0x0
 .glue_7t       0x0000000000000000        0x0 linker stubs

.vfp11_veneer   0x0000000000002cc8        0x0
 .vfp11_veneer  0x0000000000000000        0x0 linker stubs

.v4_bx          0x0000000000002cc8        0x0
 .v4_bx         0x0000000000000000        0x0 linker stubs

.iplt           0x0000000000002cc8        0x0
 .iplt          0x0000000000000000        0x0 /Users/edwinfinch/pebble-dev/PebbleSDK-2.6.1/arm-cs-tools/bin/../lib/gcc/arm-none-eabi/4.7.2/thumb2/crtbegin.o

.rel.dyn        0x0000000000002cc8        0x0
 .rel.iplt      0x0000000000000000        0x0 /Users/edwinfinch/pebble-dev/PebbleSDK-2.6.1/arm-cs-tools/bin/../lib/gcc/arm-none-eabi/4.7.2/thumb2/crtbegin.o
 .rel.got       0x0000000000000000        0x0 /Users/edwinfinch/pebble-dev/PebbleSDK-2.6.1/arm-cs-tools/bin/../lib/gcc/arm-none-eabi/4.7.2/thumb2/crtbegin.o

.data           0x0000000000002cc8      0x2eb
 *(.data)
 .data          0x0000000000002cc8        0x0 /Users/edwinfinch/pebble-dev/PebbleSDK-2.6.1/arm-cs-tools/bin/../lib/gcc/arm-none-eabi/4.7.2/thumb2/crti.o
 .data          0x0000000000002cc8        0x4 /Users/edwinfinch/pebble-dev/PebbleSDK-2.6.1/arm-cs-tools/bin/../lib/gcc/arm-none-eabi/4.7.2/thumb2/crtbegin.o
                0x0000000000002cc8                __dso_handle
 .data          0x0000000000002ccc        0x0 src/content_layer.c.26.o
 .data          0x0000000000002ccc        0x0 src/extras.c.26.o
 .data          0x0000000000002ccc        0x0 src/main.c.26.o
 .data          0x0000000000002ccc        0x0 src/notification.c.26.o
 .data          0x0000000000002ccc        0x0 appinfo.auto.c.26.o
 .data          0x0000000000002ccc        0x0 /Users/edwinfinch/pebble-dev/PebbleSDK-2.6.1/Pebble/lib/libpebble.a(tmpDC1Ifbpebble.o)
 .data          0x0000000000002ccc        0x0 /Users/edwinfinch/pebble-dev/PebbleSDK-2.6.1/arm-cs-tools/bin/../lib/gcc/arm-none-eabi/4.7.2/thumb2/libgcc.a(_arm_addsubdf3.o)
 .data          0x0000000000002ccc        0x0 /Users/edwinfinch/pebble-dev/PebbleSDK-2.6.1/arm-cs-tools/bin/../lib/gcc/arm-none-eabi/4.7.2/thumb2/libgcc.a(_arm_muldivdf3.o)
 .data          0x0000000000002ccc        0x0 /Users/edwinfinch/pebble-dev/PebbleSDK-2.6.1/arm-cs-tools/bin/../lib/gcc/arm-none-eabi/4.7.2/thumb2/libgcc.a(_arm_fixdfsi.o)
 .data          0x0000000000002ccc        0x0 /Users/edwinfinch/pebble-dev/PebbleSDK-2.6.1/arm-cs-tools/bin/../lib/gcc/arm-none-eabi/4.7.2/thumb2/crtend.o
 .data          0x0000000000002ccc        0x0 /Users/edwinfinch/pebble-dev/PebbleSDK-2.6.1/arm-cs-tools/bin/../lib/gcc/arm-none-eabi/4.7.2/thumb2/crtn.o
 *(.data.*)
 .data.ID_stack
                0x0000000000002ccc       0x14 src/content_layer.c.26.o
                0x0000000000002ccc                ID_stack
 .data.ID_stack_top
                0x0000000000002ce0        0x4 src/content_layer.c.26.o
                0x0000000000002ce0                ID_stack_top
 .data.rel.local.charge_states
                0x0000000000002ce4        0x8 src/main.c.26.o
                0x0000000000002ce4                charge_states
 .data.weather_ids
                0x0000000000002cec       0x28 src/main.c.26.o
                0x0000000000002cec                weather_ids
 .data.d_buffer.6748
                0x0000000000002d14        0x7 src/main.c.26.o
 *fill*         0x0000000000002d1b        0x1 
 .data.rel.local.months
                0x0000000000002d1c       0x90 src/main.c.26.o
                0x0000000000002d1c                months
 .data.buffer.6746
                0x0000000000002dac        0x6 src/main.c.26.o
 .data.final_buffer.6749
                0x0000000000002db2       0x22 src/main.c.26.o
 .data.amount_of_cards
                0x0000000000002dd4        0x4 src/main.c.26.o
                0x0000000000002dd4                amount_of_cards
 .data.y_buffer.6747
                0x0000000000002dd8       0x19 src/main.c.26.o
 *fill*         0x0000000000002df1        0x3 
 .data.rel.local.language_data
                0x0000000000002df4       0x90 src/main.c.26.o
                0x0000000000002df4                language_data
 .data.its_buffer.6756
                0x0000000000002e84        0xf src/main.c.26.o
 .data.weather_buffer.6757
                0x0000000000002e93       0x46 src/main.c.26.o
 *fill*         0x0000000000002ed9        0x3 
 .data.rel.local.w_l_d
                0x0000000000002edc       0x78 src/main.c.26.o
                0x0000000000002edc                w_l_d
 .data.card_f   0x0000000000002f54        0x4 src/main.c.26.o
                0x0000000000002f54                card_f
 .data.battery_buffer.6764
                0x0000000000002f58       0x5b src/main.c.26.o

.igot.plt       0x0000000000002fb4        0x0
 .igot.plt      0x0000000000000000        0x0 /Users/edwinfinch/pebble-dev/PebbleSDK-2.6.1/arm-cs-tools/bin/../lib/gcc/arm-none-eabi/4.7.2/thumb2/crtbegin.o

.got            0x0000000000002fb4       0x88
 .got           0x0000000000002fb4       0x88 /Users/edwinfinch/pebble-dev/PebbleSDK-2.6.1/arm-cs-tools/bin/../lib/gcc/arm-none-eabi/4.7.2/thumb2/crtbegin.o

.got.plt        0x000000000000303c        0xc
 .got.plt       0x000000000000303c        0xc /Users/edwinfinch/pebble-dev/PebbleSDK-2.6.1/arm-cs-tools/bin/../lib/gcc/arm-none-eabi/4.7.2/thumb2/crtbegin.o
                0x000000000000303c                _GLOBAL_OFFSET_TABLE_

.bss            0x0000000000003048      0x1d4
 *(.bss)
 *(.bss.*)
 .bss.previousFonts
                0x0000000000003048        0x2 src/main.c.26.o
                0x0000000000003048                previousFonts
 .bss.isNight   0x000000000000304a        0x1 src/main.c.26.o
                0x000000000000304a                isNight
 .bss.booted    0x000000000000304b        0x1 src/main.c.26.o
                0x000000000000304b                booted
 .bss.currentCard
                0x000000000000304c        0x4 src/main.c.26.o
                0x000000000000304c                currentCard
 .bss.charge_percent
                0x0000000000003050        0x4 src/main.c.26.o
                0x0000000000003050                charge_percent
 COMMON         0x0000000000003054      0x1c4 src/main.c.26.o
                0x0000000000003054                note_2
                0x00000000000030e0                note_1
                0x000000000000316c                settings
                0x000000000000319c                date_layer
                0x00000000000031a0                card_time_root
                0x00000000000031a4                battery_icon
                0x00000000000031a8                background_layer
                0x00000000000031ac                return_timer
                0x00000000000031b0                bt_icon
                0x00000000000031b4                card_note1
                0x00000000000031b8                time_content_root
                0x00000000000031bc                buildup_layer
                0x00000000000031c0                card_bt
                0x00000000000031c4                card_note2
                0x00000000000031c8                theme
                0x00000000000031cc                note_icon
                0x00000000000031d0                time_layer
                0x00000000000031d4                icon_timer
                0x00000000000031d8                card_weather
                0x00000000000031dc                card_time_layer
                0x00000000000031e0                chat_bubble_layer
                0x00000000000031e4                temp_temp_icon
                0x00000000000031e8                icon_layer_bm
                0x00000000000031ec                clock_icon
                0x00000000000031f0                refresh_timer
                0x00000000000031f4                card_battery
                0x00000000000031f8                battery_bar_layer
                0x00000000000031fc                icon_layer_fix
                0x0000000000003200                temp_icon
                0x0000000000003204                its_layer
                0x0000000000003208                window
                0x000000000000320c                circles_layer
                0x0000000000003210                saved_animation
                0x0000000000003214                background_bitmap
 COMMON         0x0000000000003218        0x4 src/notification.c.26.o
                0x0000000000003218                notif_layer

DISCARD
 libc.a(*)
 libm.a(*)
 libgcc.a(*)
 *(.eh_frame)
OUTPUT(/Users/edwinfinch/pebble-projects/cards/build/pebble-app.elf elf32-littlearm)

.ARM.attributes
                0x0000000000000000       0x27
 .ARM.attributes
                0x0000000000000000       0x19 /Users/edwinfinch/pebble-dev/PebbleSDK-2.6.1/arm-cs-tools/bin/../lib/gcc/arm-none-eabi/4.7.2/thumb2/crti.o
 .ARM.attributes
                0x0000000000000019       0x29 /Users/edwinfinch/pebble-dev/PebbleSDK-2.6.1/arm-cs-tools/bin/../lib/gcc/arm-none-eabi/4.7.2/thumb2/crtbegin.o
 .ARM.attributes
                0x0000000000000042       0x33 src/content_layer.c.26.o
 .ARM.attributes
                0x0000000000000075       0x33 src/extras.c.26.o
 .ARM.attributes
                0x00000000000000a8       0x33 src/main.c.26.o
 .ARM.attributes
                0x00000000000000db       0x33 src/notification.c.26.o
 .ARM.attributes
                0x000000000000010e       0x33 appinfo.auto.c.26.o
 .ARM.attributes
                0x0000000000000141       0x21 /Users/edwinfinch/pebble-dev/PebbleSDK-2.6.1/Pebble/lib/libpebble.a(tmpDC1Ifbpebble.o)
 .ARM.attributes
                0x0000000000000162       0x19 /Users/edwinfinch/pebble-dev/PebbleSDK-2.6.1/arm-cs-tools/bin/../lib/gcc/arm-none-eabi/4.7.2/thumb2/libgcc.a(_arm_addsubdf3.o)
 .ARM.attributes
                0x000000000000017b       0x19 /Users/edwinfinch/pebble-dev/PebbleSDK-2.6.1/arm-cs-tools/bin/../lib/gcc/arm-none-eabi/4.7.2/thumb2/libgcc.a(_arm_muldivdf3.o)
 .ARM.attributes
                0x0000000000000194       0x19 /Users/edwinfinch/pebble-dev/PebbleSDK-2.6.1/arm-cs-tools/bin/../lib/gcc/arm-none-eabi/4.7.2/thumb2/libgcc.a(_arm_fixdfsi.o)
 .ARM.attributes
                0x00000000000001ad       0x29 /Users/edwinfinch/pebble-dev/PebbleSDK-2.6.1/arm-cs-tools/bin/../lib/gcc/arm-none-eabi/4.7.2/thumb2/crtend.o
 .ARM.attributes
                0x00000000000001d6       0x19 /Users/edwinfinch/pebble-dev/PebbleSDK-2.6.1/arm-cs-tools/bin/../lib/gcc/arm-none-eabi/4.7.2/thumb2/crtn.o

.comment        0x0000000000000000       0x4e
 .comment       0x0000000000000000       0x4e /Users/edwinfinch/pebble-dev/PebbleSDK-2.6.1/arm-cs-tools/bin/../lib/gcc/arm-none-eabi/4.7.2/thumb2/crtbegin.o
                                         0x4f (size before relaxing)
 .comment       0x0000000000000000       0x4f src/content_layer.c.26.o
 .comment       0x0000000000000000       0x4f src/extras.c.26.o
 .comment       0x0000000000000000       0x4f src/main.c.26.o
 .comment       0x0000000000000000       0x4f src/notification.c.26.o
 .comment       0x0000000000000000       0x4f appinfo.auto.c.26.o
 .comment       0x0000000000000000       0x4f /Users/edwinfinch/pebble-dev/PebbleSDK-2.6.1/arm-cs-tools/bin/../lib/gcc/arm-none-eabi/4.7.2/thumb2/crtend.o

.debug_info     0x0000000000000000     0x4ce4
 .debug_info    0x0000000000000000      0x81b src/content_layer.c.26.o
 .debug_info    0x000000000000081b      0xa54 src/extras.c.26.o
 .debug_info    0x000000000000126f     0x2d69 src/main.c.26.o
 .debug_info    0x0000000000003fd8      0x746 src/notification.c.26.o
 .debug_info    0x000000000000471e      0x39b appinfo.auto.c.26.o
 .debug_info    0x0000000000004ab9       0xb9 /Users/edwinfinch/pebble-dev/PebbleSDK-2.6.1/arm-cs-tools/bin/../lib/gcc/arm-none-eabi/4.7.2/thumb2/libgcc.a(_arm_addsubdf3.o)
 .debug_info    0x0000000000004b72       0xb9 /Users/edwinfinch/pebble-dev/PebbleSDK-2.6.1/arm-cs-tools/bin/../lib/gcc/arm-none-eabi/4.7.2/thumb2/libgcc.a(_arm_muldivdf3.o)
 .debug_info    0x0000000000004c2b       0xb9 /Users/edwinfinch/pebble-dev/PebbleSDK-2.6.1/arm-cs-tools/bin/../lib/gcc/arm-none-eabi/4.7.2/thumb2/libgcc.a(_arm_fixdfsi.o)

.debug_abbrev   0x0000000000000000      0xc76
 .debug_abbrev  0x0000000000000000      0x2a1 src/content_layer.c.26.o
 .debug_abbrev  0x00000000000002a1      0x231 src/extras.c.26.o
 .debug_abbrev  0x00000000000004d2      0x4d7 src/main.c.26.o
 .debug_abbrev  0x00000000000009a9      0x1f3 src/notification.c.26.o
 .debug_abbrev  0x0000000000000b9c       0x9e appinfo.auto.c.26.o
 .debug_abbrev  0x0000000000000c3a       0x14 /Users/edwinfinch/pebble-dev/PebbleSDK-2.6.1/arm-cs-tools/bin/../lib/gcc/arm-none-eabi/4.7.2/thumb2/libgcc.a(_arm_addsubdf3.o)
 .debug_abbrev  0x0000000000000c4e       0x14 /Users/edwinfinch/pebble-dev/PebbleSDK-2.6.1/arm-cs-tools/bin/../lib/gcc/arm-none-eabi/4.7.2/thumb2/libgcc.a(_arm_muldivdf3.o)
 .debug_abbrev  0x0000000000000c62       0x14 /Users/edwinfinch/pebble-dev/PebbleSDK-2.6.1/arm-cs-tools/bin/../lib/gcc/arm-none-eabi/4.7.2/thumb2/libgcc.a(_arm_fixdfsi.o)

.debug_loc      0x0000000000000000     0x10af
 .debug_loc     0x0000000000000000      0x21b src/content_layer.c.26.o
 .debug_loc     0x000000000000021b      0x26c src/extras.c.26.o
 .debug_loc     0x0000000000000487      0xa27 src/main.c.26.o
 .debug_loc     0x0000000000000eae      0x201 src/notification.c.26.o

.debug_aranges  0x0000000000000000      0x240
 .debug_aranges
                0x0000000000000000       0x60 src/content_layer.c.26.o
 .debug_aranges
                0x0000000000000060       0x38 src/extras.c.26.o
 .debug_aranges
                0x0000000000000098       0xf8 src/main.c.26.o
 .debug_aranges
                0x0000000000000190       0x38 src/notification.c.26.o
 .debug_aranges
                0x00000000000001c8       0x18 appinfo.auto.c.26.o
 .debug_aranges
                0x00000000000001e0       0x20 /Users/edwinfinch/pebble-dev/PebbleSDK-2.6.1/arm-cs-tools/bin/../lib/gcc/arm-none-eabi/4.7.2/thumb2/libgcc.a(_arm_addsubdf3.o)
 .debug_aranges
                0x0000000000000200       0x20 /Users/edwinfinch/pebble-dev/PebbleSDK-2.6.1/arm-cs-tools/bin/../lib/gcc/arm-none-eabi/4.7.2/thumb2/libgcc.a(_arm_muldivdf3.o)
 .debug_aranges
                0x0000000000000220       0x20 /Users/edwinfinch/pebble-dev/PebbleSDK-2.6.1/arm-cs-tools/bin/../lib/gcc/arm-none-eabi/4.7.2/thumb2/libgcc.a(_arm_fixdfsi.o)

.debug_ranges   0x0000000000000000      0x228
 .debug_ranges  0x0000000000000000       0x68 src/content_layer.c.26.o
 .debug_ranges  0x0000000000000068       0x28 src/extras.c.26.o
 .debug_ranges  0x0000000000000090      0x170 src/main.c.26.o
 .debug_ranges  0x0000000000000200       0x28 src/notification.c.26.o

.debug_line     0x0000000000000000     0x13bb
 .debug_line    0x0000000000000000      0x2d0 src/content_layer.c.26.o
 .debug_line    0x00000000000002d0      0x1ab src/extras.c.26.o
 .debug_line    0x000000000000047b      0x749 src/main.c.26.o
 .debug_line    0x0000000000000bc4      0x217 src/notification.c.26.o
 .debug_line    0x0000000000000ddb      0x12a appinfo.auto.c.26.o
 .debug_line    0x0000000000000f05      0x20a /Users/edwinfinch/pebble-dev/PebbleSDK-2.6.1/arm-cs-tools/bin/../lib/gcc/arm-none-eabi/4.7.2/thumb2/libgcc.a(_arm_addsubdf3.o)
 .debug_line    0x000000000000110f      0x226 /Users/edwinfinch/pebble-dev/PebbleSDK-2.6.1/arm-cs-tools/bin/../lib/gcc/arm-none-eabi/4.7.2/thumb2/libgcc.a(_arm_muldivdf3.o)
 .debug_line    0x0000000000001335       0x86 /Users/edwinfinch/pebble-dev/PebbleSDK-2.6.1/arm-cs-tools/bin/../lib/gcc/arm-none-eabi/4.7.2/thumb2/libgcc.a(_arm_fixdfsi.o)

.debug_str      0x0000000000000000     0x1a39
 .debug_str     0x0000000000000000      0x57c src/content_layer.c.26.o
                                        0x5f9 (size before relaxing)
 .debug_str     0x000000000000057c      0x3ee src/extras.c.26.o
                                        0x84e (size before relaxing)
 .debug_str     0x000000000000096a      0xe51 src/main.c.26.o
                                       0x16e6 (size before relaxing)
 .debug_str     0x00000000000017bb       0x72 src/notification.c.26.o
                                        0x420 (size before relaxing)
 .debug_str     0x000000000000182d      0x20c appinfo.auto.c.26.o
                                        0x533 (size before relaxing)

.debug_frame    0x0000000000000000      0x544
 .debug_frame   0x0000000000000000       0xe0 src/content_layer.c.26.o
 .debug_frame   0x00000000000000e0       0x80 src/extras.c.26.o
 .debug_frame   0x0000000000000160      0x35c src/main.c.26.o
 .debug_frame   0x00000000000004bc       0x88 src/notification.c.26.o
